Archive member included because of file (symbol)

stm32f10x_lib/libstm32.a(stm32f10x_adc.o)
                              APP/src/cm530_Nunez.o (ADC_Init)
stm32f10x_lib/libstm32.a(stm32f10x_flash.o)
                              APP/src/cm530_Nunez.o (FLASH_SetLatency)
stm32f10x_lib/libstm32.a(stm32f10x_gpio.o)
                              APP/src/cm530_Nunez.o (GPIO_Init)
stm32f10x_lib/libstm32.a(stm32f10x_nvic.o)
                              APP/src/main.o (NVIC_PriorityGroupConfig)
stm32f10x_lib/libstm32.a(stm32f10x_pwr.o)
                              APP/src/cm530_Nunez.o (PWR_BackupAccessCmd)
stm32f10x_lib/libstm32.a(stm32f10x_rcc.o)
                              APP/src/cm530_Nunez.o (RCC_DeInit)
stm32f10x_lib/libstm32.a(stm32f10x_systick.o)
                              APP/src/cm530_Nunez.o (SysTick_SetReload)
stm32f10x_lib/libstm32.a(stm32f10x_tim.o)
                              APP/src/main.o (TIM_TimeBaseInit)
stm32f10x_lib/libstm32.a(stm32f10x_usart.o)
                              APP/src/cm530_Nunez.o (USART_DeInit)
stm32f10x_lib/libstm32.a(cortexm3_macro.o)
                              stm32f10x_lib/libstm32.a(stm32f10x_pwr.o) (__WFI)
stm32f10x_lib/libstm32.a(stm32f10x_vector.o)
                              (Reset_Handler)
c:/program files (x86)/gnu tools arm embedded/4.8 2014q2/bin/../lib/gcc/arm-none-eabi/4.8.4/../../../../arm-none-eabi/lib/armv7-m\libm.a(lib_a-s_cos.o)
                              APP/src/main.o (cos)
c:/program files (x86)/gnu tools arm embedded/4.8 2014q2/bin/../lib/gcc/arm-none-eabi/4.8.4/../../../../arm-none-eabi/lib/armv7-m\libm.a(lib_a-s_round.o)
                              APP/src/main.o (round)
c:/program files (x86)/gnu tools arm embedded/4.8 2014q2/bin/../lib/gcc/arm-none-eabi/4.8.4/../../../../arm-none-eabi/lib/armv7-m\libm.a(lib_a-s_sin.o)
                              APP/src/main.o (sin)
c:/program files (x86)/gnu tools arm embedded/4.8 2014q2/bin/../lib/gcc/arm-none-eabi/4.8.4/../../../../arm-none-eabi/lib/armv7-m\libm.a(lib_a-w_atan2.o)
                              APP/src/main.o (atan2)
c:/program files (x86)/gnu tools arm embedded/4.8 2014q2/bin/../lib/gcc/arm-none-eabi/4.8.4/../../../../arm-none-eabi/lib/armv7-m\libm.a(lib_a-w_sqrt.o)
                              APP/src/main.o (sqrt)
c:/program files (x86)/gnu tools arm embedded/4.8 2014q2/bin/../lib/gcc/arm-none-eabi/4.8.4/../../../../arm-none-eabi/lib/armv7-m\libm.a(lib_a-e_atan2.o)
                              c:/program files (x86)/gnu tools arm embedded/4.8 2014q2/bin/../lib/gcc/arm-none-eabi/4.8.4/../../../../arm-none-eabi/lib/armv7-m\libm.a(lib_a-w_atan2.o) (__ieee754_atan2)
c:/program files (x86)/gnu tools arm embedded/4.8 2014q2/bin/../lib/gcc/arm-none-eabi/4.8.4/../../../../arm-none-eabi/lib/armv7-m\libm.a(lib_a-e_rem_pio2.o)
                              c:/program files (x86)/gnu tools arm embedded/4.8 2014q2/bin/../lib/gcc/arm-none-eabi/4.8.4/../../../../arm-none-eabi/lib/armv7-m\libm.a(lib_a-s_cos.o) (__ieee754_rem_pio2)
c:/program files (x86)/gnu tools arm embedded/4.8 2014q2/bin/../lib/gcc/arm-none-eabi/4.8.4/../../../../arm-none-eabi/lib/armv7-m\libm.a(lib_a-e_sqrt.o)
                              c:/program files (x86)/gnu tools arm embedded/4.8 2014q2/bin/../lib/gcc/arm-none-eabi/4.8.4/../../../../arm-none-eabi/lib/armv7-m\libm.a(lib_a-w_sqrt.o) (__ieee754_sqrt)
c:/program files (x86)/gnu tools arm embedded/4.8 2014q2/bin/../lib/gcc/arm-none-eabi/4.8.4/../../../../arm-none-eabi/lib/armv7-m\libm.a(lib_a-k_cos.o)
                              c:/program files (x86)/gnu tools arm embedded/4.8 2014q2/bin/../lib/gcc/arm-none-eabi/4.8.4/../../../../arm-none-eabi/lib/armv7-m\libm.a(lib_a-s_cos.o) (__kernel_cos)
c:/program files (x86)/gnu tools arm embedded/4.8 2014q2/bin/../lib/gcc/arm-none-eabi/4.8.4/../../../../arm-none-eabi/lib/armv7-m\libm.a(lib_a-k_rem_pio2.o)
                              c:/program files (x86)/gnu tools arm embedded/4.8 2014q2/bin/../lib/gcc/arm-none-eabi/4.8.4/../../../../arm-none-eabi/lib/armv7-m\libm.a(lib_a-e_rem_pio2.o) (__kernel_rem_pio2)
c:/program files (x86)/gnu tools arm embedded/4.8 2014q2/bin/../lib/gcc/arm-none-eabi/4.8.4/../../../../arm-none-eabi/lib/armv7-m\libm.a(lib_a-k_sin.o)
                              c:/program files (x86)/gnu tools arm embedded/4.8 2014q2/bin/../lib/gcc/arm-none-eabi/4.8.4/../../../../arm-none-eabi/lib/armv7-m\libm.a(lib_a-s_cos.o) (__kernel_sin)
c:/program files (x86)/gnu tools arm embedded/4.8 2014q2/bin/../lib/gcc/arm-none-eabi/4.8.4/../../../../arm-none-eabi/lib/armv7-m\libm.a(lib_a-s_atan.o)
                              c:/program files (x86)/gnu tools arm embedded/4.8 2014q2/bin/../lib/gcc/arm-none-eabi/4.8.4/../../../../arm-none-eabi/lib/armv7-m\libm.a(lib_a-e_atan2.o) (atan)
c:/program files (x86)/gnu tools arm embedded/4.8 2014q2/bin/../lib/gcc/arm-none-eabi/4.8.4/../../../../arm-none-eabi/lib/armv7-m\libm.a(lib_a-s_fabs.o)
[...]
Memory Configuration

Name             Origin             Length             Attributes
RAM              0x20000000         0x00010000         xrw
FLASH            0x08003000         0x0007d000         xr
FLASHB1          0x00000000         0x00000000         xr
EXTMEMB0         0x00000000         0x00000000         xr
EXTMEMB1         0x00000000         0x00000000         xr
EXTMEMB2         0x00000000         0x00000000         xr
EXTMEMB3         0x00000000         0x00000000         xr
*default*        0x00000000         0xffffffff

Linker script and memory map

LOAD c:/program files (x86)/gnu tools arm embedded/4.8 2014q2/bin/../lib/gcc/arm-none-eabi/4.8.4/armv7-m/crti.o
LOAD c:/program files (x86)/gnu tools arm embedded/4.8 2014q2/bin/../lib/gcc/arm-none-eabi/4.8.4/armv7-m/crtbegin.o
LOAD c:/program files (x86)/gnu tools arm embedded/4.8 2014q2/bin/../lib/gcc/arm-none-eabi/4.8.4/../../../../arm-none-eabi/lib/armv7-m/crt0.o
LOAD APP/src/main.o
LOAD APP/src/stm32f10x_it.o
LOAD APP/src/cm530_Nunez.o
LOAD stm32f10x_lib/libstm32.a
LOAD c:/program files (x86)/gnu tools arm embedded/4.8 2014q2/bin/../lib/gcc/arm-none-eabi/4.8.4/../../../../arm-none-eabi/lib/armv7-m\libm.a
START GROUP
LOAD c:/program files (x86)/gnu tools arm embedded/4.8 2014q2/bin/../lib/gcc/arm-none-eabi/4.8.4/armv7-m\libgcc.a
LOAD c:/program files (x86)/gnu tools arm embedded/4.8 2014q2/bin/../lib/gcc/arm-none-eabi/4.8.4/../../../../arm-none-eabi/lib/armv7-m\libc.a
END GROUP
LOAD c:/program files (x86)/gnu tools arm embedded/4.8 2014q2/bin/../lib/gcc/arm-none-eabi/4.8.4/armv7-m/crtend.o
LOAD c:/program files (x86)/gnu tools arm embedded/4.8 2014q2/bin/../lib/gcc/arm-none-eabi/4.8.4/armv7-m/crtn.o
                0x00000400                __Stack_Size = 0x400
                0x00000400                PROVIDE (_Stack_Size, __Stack_Size)
                0x2000fc00                __Stack_Init = (_estack - __Stack_Size)
                0x2000fc00                PROVIDE (_Stack_Init, __Stack_Init)
                0x00000100                _Minimum_Stack_Size = 0x100
                0x00000000                PROVIDE (Undefined_Handler, 0x0)
                0x00000000                PROVIDE (SWI_Handler, 0x0)
                0x00000000                PROVIDE (IRQ_Handler, 0x0)
                0x00000000                PROVIDE (Prefetch_Handler, 0x0)
                0x00000000                PROVIDE (Abort_Handler, 0x0)
                0x00000000                PROVIDE (FIQ_Handler, 0x0)
                0x00000000                PROVIDE (NMIException, 0x0)
                0x00000000                PROVIDE (HardFaultException, 0x0)
                0x00000000                PROVIDE (MemManageException, 0x0)
                0x00000000                PROVIDE (BusFaultException, 0x0)
                0x00000000                PROVIDE (UsageFaultException, 0x0)
                0x00000000                PROVIDE (SVCHandler, 0x0)
                0x00000000                PROVIDE (DebugMonitor, 0x0)
                0x00000000                PROVIDE (PendSVC, 0x0)
                0x00000000                PROVIDE (SysTickHandler, 0x0)
                0x00000000                PROVIDE (WWDG_IRQHandler, 0x0)
                0x00000000                PROVIDE (PVD_IRQHandler, 0x0)
                0x00000000                PROVIDE (TAMPER_IRQHandler, 0x0)
                0x00000000                PROVIDE (RTC_IRQHandler, 0x0)
                0x00000000                PROVIDE (FLASH_IRQHandler, 0x0)
                0x00000000                PROVIDE (RCC_IRQHandler, 0x0)
                0x00000000                PROVIDE (EXTI0_IRQHandler, 0x0)
                0x00000000                PROVIDE (EXTI1_IRQHandler, 0x0)
                0x00000000                PROVIDE (EXTI2_IRQHandler, 0x0)
                0x00000000                PROVIDE (EXTI3_IRQHandler, 0x0)
                0x00000000                PROVIDE (EXTI4_IRQHandler, 0x0)
                0x00000000                PROVIDE (DMAChannel1_IRQHandler, 0x0)
                0x00000000                PROVIDE (DMAChannel2_IRQHandler, 0x0)
                0x00000000                PROVIDE (DMAChannel3_IRQHandler, 0x0)
                0x00000000                PROVIDE (DMAChannel4_IRQHandler, 0x0)
                0x00000000                PROVIDE (DMAChannel5_IRQHandler, 0x0)
                0x00000000                PROVIDE (DMAChannel6_IRQHandler, 0x0)
                0x00000000                PROVIDE (DMAChannel7_IRQHandler, 0x0)
                0x00000000                PROVIDE (ADC_IRQHandler, 0x0)
                0x00000000                PROVIDE (USB_HP_CAN_TX_IRQHandler, 0x0)
                0x00000000                PROVIDE (USB_LP_CAN_RX0_IRQHandler, 0x0)
                0x00000000                PROVIDE (CAN_RX1_IRQHandler, 0x0)
                0x00000000                PROVIDE (CAN_SCE_IRQHandler, 0x0)
                0x00000000                PROVIDE (EXTI9_5_IRQHandler, 0x0)
                0x00000000                PROVIDE (TIM1_BRK_IRQHandler, 0x0)
                0x00000000                PROVIDE (TIM1_UP_IRQHandler, 0x0)
                0x00000000                PROVIDE (TIM1_TRG_COM_IRQHandler, 0x0)
                0x00000000                PROVIDE (TIM1_CC_IRQHandler, 0x0)
                0x00000000                PROVIDE (TIM2_IRQHandler, 0x0)
                0x00000000                PROVIDE (TIM3_IRQHandler, 0x0)
                0x00000000                PROVIDE (TIM4_IRQHandler, 0x0)
                0x00000000                PROVIDE (I2C1_EV_IRQHandler, 0x0)
                0x00000000                PROVIDE (I2C1_ER_IRQHandler, 0x0)
                0x00000000                PROVIDE (I2C2_EV_IRQHandler, 0x0)
                0x00000000                PROVIDE (I2C2_ER_IRQHandler, 0x0)
                0x00000000                PROVIDE (SPI1_IRQHandler, 0x0)
                0x00000000                PROVIDE (SPI2_IRQHandler, 0x0)
                0x00000000                PROVIDE (USART1_IRQHandler, 0x0)
                0x00000000                PROVIDE (USART2_IRQHandler, 0x0)
                0x00000000                PROVIDE (USART3_IRQHandler, 0x0)
                0x00000000                PROVIDE (EXTI15_10_IRQHandler, 0x0)
                0x00000000                PROVIDE (RTCAlarm_IRQHandler, 0x0)
                0x00000000                PROVIDE (USBWakeUp_IRQHandler, 0x0)
                0x42000000                PERIPH_BB_BASE = 0x42000000
                0x22000000                SRAM_BB_BASE = 0x22000000
                0x20000000                SRAM_BASE = 0x20000000
                0x40000000                PERIPH_BASE = 0x40000000
                0x40022000                PROVIDE (FLASH_BASE, 0x40022000)
                0x1ffff800                PROVIDE (OB_BASE, 0x1ffff800)
                0x40000000                APB1PERIPH_BASE = PERIPH_BASE
                0x40010000                APB2PERIPH_BASE = (PERIPH_BASE + 0x10000)
                0x40020000                AHBPERIPH_BASE = (PERIPH_BASE + 0x20000)
                0x40000000                PROVIDE (TIM2, (APB1PERIPH_BASE + 0x0))
                0x40000400                PROVIDE (TIM3, (APB1PERIPH_BASE + 0x400))
                0x40000800                PROVIDE (TIM4, (APB1PERIPH_BASE + 0x800))
                0x40002800                PROVIDE (RTC, (APB1PERIPH_BASE + 0x2800))
                0x40002c00                PROVIDE (WWDG, (APB1PERIPH_BASE + 0x2c00))
                0x40003000                PROVIDE (IWDG, (APB1PERIPH_BASE + 0x3000))
                0x40003800                PROVIDE (SPI2, (APB1PERIPH_BASE + 0x3800))
                0x40004400                PROVIDE (USART2, (APB1PERIPH_BASE + 0x4400))
                0x40004800                PROVIDE (USART3, (APB1PERIPH_BASE + 0x4800))
                0x40005400                PROVIDE (I2C1, (APB1PERIPH_BASE + 0x5400))
                0x40005800                PROVIDE (I2C2, (APB1PERIPH_BASE + 0x5800))
                0x40006400                PROVIDE (CAN, (APB1PERIPH_BASE + 0x6400))
                0x40006c00                PROVIDE (BKP, (APB1PERIPH_BASE + 0x6c00))
                0x40007000                PROVIDE (PWR, (APB1PERIPH_BASE + 0x7000))
                0x40010000                PROVIDE (AFIO, (APB2PERIPH_BASE + 0x0))
                0x40010400                PROVIDE (EXTI, (APB2PERIPH_BASE + 0x400))
                0x40010800                PROVIDE (GPIOA, (APB2PERIPH_BASE + 0x800))
                0x40010c00                PROVIDE (GPIOB, (APB2PERIPH_BASE + 0xc00))
                0x40011000                PROVIDE (GPIOC, (APB2PERIPH_BASE + 0x1000))
                0x40011400                PROVIDE (GPIOD, (APB2PERIPH_BASE + 0x1400))
                0x40011800                PROVIDE (GPIOE, (APB2PERIPH_BASE + 0x1800))
                0x40012400                PROVIDE (ADC1, (APB2PERIPH_BASE + 0x2400))
                0x40012800                PROVIDE (ADC2, (APB2PERIPH_BASE + 0x2800))
                0x40012c00                PROVIDE (TIM1, (APB2PERIPH_BASE + 0x2c00))
                0x40013000                PROVIDE (SPI1, (APB2PERIPH_BASE + 0x3000))
                0x40013800                PROVIDE (USART1, (APB2PERIPH_BASE + 0x3800))
                0x40020000                PROVIDE (DMA, (AHBPERIPH_BASE + 0x0))
                0x40020008                PROVIDE (DMA_Channel1, (AHBPERIPH_BASE + 0x8))
                0x4002001c                PROVIDE (DMA_Channel2, (AHBPERIPH_BASE + 0x1c))
                0x40020030                PROVIDE (DMA_Channel3, (AHBPERIPH_BASE + 0x30))
                0x40020044                PROVIDE (DMA_Channel4, (AHBPERIPH_BASE + 0x44))
                0x40020058                PROVIDE (DMA_Channel5, (AHBPERIPH_BASE + 0x58))
                0x4002006c                PROVIDE (DMA_Channel6, (AHBPERIPH_BASE + 0x6c))
                0x40020080                PROVIDE (DMA_Channel7, (AHBPERIPH_BASE + 0x80))
                0x40021000                PROVIDE (RCC, (AHBPERIPH_BASE + 0x1000))
                0xe000e000                SCS_BASE = 0xe000e000
                0xe000e010                PROVIDE (SysTick, (SCS_BASE + 0x10))
                0xe000e100                PROVIDE (NVIC, (SCS_BASE + 0x100))
                0xe000ed00                PROVIDE (SCB, (SCS_BASE + 0xd00))
                0x20010000                _estack = 0x20010000

.isr_vector     0x08003000      0x134
                0x08003000                . = ALIGN (0x4)
 *(.isr_vector)
 .isr_vector    0x08003000      0x134 stm32f10x_lib/libstm32.a(stm32f10x_vector.o)
                0x08003000                g_pfnVectors
                0x08003134                . = ALIGN (0x4)

.flashtext      0x08003134        0x0
                0x08003134                . = ALIGN (0x4)
 *(.flashtext)
                0x08003134                . = ALIGN (0x4)

.text           0x08003138     0x9f8c
                0x08003138                . = ALIGN (0x4)
 *(.text)
 .text          0x08003138     0x34f0 APP/src/main.o
                0x08003138                SndPrms
                0x08003410                Recibe1Dato
                0x08003420                RcvPrms
                0x080036ac                a_m_off
                0x080036b6                a_m_on
                0x080036c0                EulXZY_2_Rot
                0x08003850                V1mV2
                0x08003878                M_V
                0x0800390c                R2ths_CadD
                0x080039d0                RP_IK
                0x08003f70                R2ths_CadI
                0x08004038                LP_IK
                0x080045d0                Deg2Rad
                0x080045ec                getThLeg
                0x08004640                MoveLegTime
                0x080047e0                MoveArmTime
                0x08004950                Mov_CP
                0x08004a7c                getThArm
                0x08004ab4                Cicloidal_1
                0x08004b2c                Cicloidal_2
                0x08004bbc                Cicloidal_3
                0x08004c34                Cicloidal_4
                0x08004cac                Cicloidal_5
                0x08004d2c                Mov_L
                0x08004df8                Mov_A
                0x08004eb0                Mat3_Traspose
                0x08004ed6                Mat3_Multiply
                0x0800507e                Mov_P_RF
                0x0800526c                Mov_P_LF
                0x08005460                SND_Data
                0x080056d4                Zancada
                0x08006388                MarchaIzquierda
                0x080063cc                MarchaDerecha
                0x08006410                EntraOpcion
                0x080064d8                Init_Params
 .text          0x08006628       0xc8 APP/src/stm32f10x_it.o
                0x08006628                NMIException
                0x0800662a                HardFaultException
                0x0800662c                MemManageException
                0x0800662e                BusFaultException
                0x08006630                UsageFaultException
                0x08006632                DebugMonitor
                0x08006634                SVCHandler
                0x08006636                PendSVC
                0x08006638                SysTickHandler
                0x0800663c                WWDG_IRQHandler
                0x0800663e                PVD_IRQHandler
                0x08006640                TAMPER_IRQHandler
                0x08006642                RTC_IRQHandler
                0x08006644                FLASH_IRQHandler
                0x08006646                RCC_IRQHandler
                0x08006648                EXTI0_IRQHandler
                0x0800664a                EXTI1_IRQHandler
                0x0800664c                EXTI2_IRQHandler
                0x0800664e                EXTI3_IRQHandler
                0x08006650                EXTI4_IRQHandler
                0x08006652                DMA1_Channel1_IRQHandler
                0x08006654                DMA1_Channel2_IRQHandler
                0x08006656                DMA1_Channel3_IRQHandler
                0x08006658                DMA1_Channel4_IRQHandler
                0x0800665a                DMA1_Channel5_IRQHandler
                0x0800665c                DMA1_Channel6_IRQHandler
                0x0800665e                DMA1_Channel7_IRQHandler
                0x08006660                ADC1_2_IRQHandler
                0x08006662                USB_HP_CAN_TX_IRQHandler
                0x08006664                USB_LP_CAN_RX0_IRQHandler
                0x08006666                CAN_RX1_IRQHandler
                0x08006668                CAN_SCE_IRQHandler
                0x0800666a                EXTI9_5_IRQHandler
                0x0800666c                TIM1_BRK_IRQHandler
                0x0800666e                TIM1_UP_IRQHandler
                0x08006670                TIM1_TRG_COM_IRQHandler
                0x08006672                TIM1_CC_IRQHandler
                0x08006674                TIM2_IRQHandler
                0x080066ac                TIM3_IRQHandler
                0x080066ae                TIM4_IRQHandler
                0x080066b0                I2C1_EV_IRQHandler
                0x080066b2                I2C1_ER_IRQHandler
                0x080066b4                I2C2_EV_IRQHandler
                0x080066b6                I2C2_ER_IRQHandler
                0x080066b8                SPI1_IRQHandler
                0x080066ba                SPI2_IRQHandler
                0x080066bc                USART1_IRQHandler
                0x080066c0                USART2_IRQHandler
                0x080066c2                USART3_IRQHandler
                0x080066c6                EXTI15_10_IRQHandler
                0x080066c8                RTCAlarm_IRQHandler
                0x080066ca                USBWakeUp_IRQHandler
                0x080066cc                TIM8_BRK_IRQHandler
                0x080066ce                TIM8_UP_IRQHandler
                0x080066d0                TIM8_TRG_COM_IRQHandler
                0x080066d2                TIM8_CC_IRQHandler
                0x080066d4                ADC3_IRQHandler
                0x080066d6                FSMC_IRQHandler
                0x080066d8                SDIO_IRQHandler
                0x080066da                TIM5_IRQHandler
                0x080066dc                SPI3_IRQHandler
                0x080066de                UART4_IRQHandler
                0x080066e0                UART5_IRQHandler
                0x080066e4                TIM6_IRQHandler
                0x080066e6                TIM7_IRQHandler
                0x080066e8                DMA2_Channel1_IRQHandler
                0x080066ea                DMA2_Channel2_IRQHandler
                0x080066ec                DMA2_Channel3_IRQHandler
                0x080066ee                DMA2_Channel4_5_IRQHandler
 .text          0x080066f0     0x197c APP/src/cm530_Nunez.o
                0x08006704                SetLED
                0x08006720                ReadButton
                0x08006740                SetEPort
                0x08006760                uDelay
                0x08006868                ReadAnalog
                0x080068c8                ReadIR
                0x08006914                mDelay
                0x0800691e                StartCountdown
                0x08006950                start_countdown_buzzer
                0x08006978                Buzzed
                0x080069b0                PlayNote
                0x080069b6                start_timeout_dxl
                0x080069e8                start_timeout_pcu
                0x08006a1c                dxl_hal_open
                0x08006a78                dxl_hal_close
                0x08006a84                dxl_hal_clear
                0x08006aa4                dxl_hal_tx
                0x08006af8                dxl_hal_rx
                0x08006b48                dxl_hal_set_timeout
                0x08006b50                dxl_hal_timeout
                0x08006b64                RxD_DXL_Interrupt
                0x08006be0                dxl_initialize
                0x08006c04                dxl_terminate
                0x08006c08                dxl_tx_packet
                0x08006cfc                dxl_rx_packet
                0x08006e88                dxl_get_result
                0x08006e98                dxl_set_txpacket_id
                0x08006ea4                dxl_set_txpacket_instruction
                0x08006eb0                dxl_set_txpacket_parameter
                0x08006ec0                dxl_set_txpacket_length
                0x08006ecc                dxl_get_rxpacket_error
                0x08006ef4                dxl_get_rxpacket_length
                0x08006f10                dxl_get_rxpacket_parameter
                0x08006f30                dxl_makeword
                0x08006f38                dxl_get_lowbyte
                0x08006f3c                dxl_get_highbyte
                0x08006f40                dxl_clear_statpkt
                0x08006f8c                dxl_txrx_packet
                0x08006fbc                dxl_ping
                0x08006fe0                dxl_read_byte
                0x08007028                dxl_write_byte
                0x08007058                dxl_read_word
                0x080070ac                dxl_write_word
                0x080070e4                dxl_capture
                0x080070ec                dxl_recover
                0x080071d4                pcu_hal_open
                0x08007230                pcu_hal_close
                0x0800723c                pcu_hal_set_timeout
                0x08007244                pcu_hal_timeout
                0x08007258                pcu_put_byte
                0x08007288                pcu_get_queue
                0x080072cc                pcu_peek_queue
                0x080072f8                pcu_put_queue
                0x080073a4                pcu_clear_queue
                0x080073b8                pcu_get_qstate
                0x08007400                RxD_PCU_Interrupt
                0x08007404                pcu_initialize
                0x08007412                pcu_terminate
                0x08007416                std_putchar
                0x0800742e                std_puts
                0x08007444                std_getchar
                0x08007474                std_gets
                0x080074ca                PrintCommStatus
                0x08007544                PrintErrorCode
                0x080075d8                PrintChar
                0x080075dc                PrintString
                0x080075e0                GetChar
                0x080075e4                GetString
                0x080075e8                Printu32d
                0x08007648                Battery_Monitor_Alarm
                0x080076c0                Prints32d
                0x0800772c                Printu16h
                0x080077aa                Printu8h
                0x080077f8                zgb_hal_close
                0x08007818                zgb_hal_tx
                0x08007854                zgb_hal_rx
                0x080078a0                RxD_ZIG_Interrupt
                0x08007944                zgb_terminate
                0x08007948                zgb_tx_data
                0x08007982                zgb_rx_check
                0x08007a78                zgb_rx_data
                0x08007a8c                ISR_Delay_Base
                0x08007b6c                SysTick_Configuration
                0x08007b88                RCC_Configuration
                0x08007c1e                NVIC_Configuration
                0x08007c86                GPIO_Configuration
                0x08007e4c                ADC_Configuration
                0x08007f18                TxDByte_PC
                0x08007f34                TxDByte16
                0x08007f62                TxDWord16
                0x08007f76                USART_Configuration
                0x08007fd8                EnableZigbee
                0x08007ff8                zgb_hal_open
                0x08008002                zgb_initialize
                0x08008020                SysInit
 .text          0x0800806c      0x33c stm32f10x_lib/libstm32.a(stm32f10x_adc.o)
                0x0800806c                ADC_DeInit
                0x080080c4                ADC_Init
                0x0800810c                ADC_StructInit
                0x0800811e                ADC_Cmd
                0x08008130                ADC_DMACmd
                0x08008142                ADC_ITConfig
                0x08008154                ADC_ResetCalibration
                0x0800815e                ADC_GetResetCalibrationStatus
                0x08008166                ADC_StartCalibration
                0x08008170                ADC_GetCalibrationStatus
                0x08008178                ADC_SoftwareStartConvCmd
                0x0800818a                ADC_GetSoftwareStartConvStatus
                0x08008192                ADC_DiscModeChannelCountConfig
                0x080081a2                ADC_DiscModeCmd
                0x080081b4                ADC_RegularChannelConfig
                0x08008244                ADC_ExternalTrigConvCmd
                0x08008256                ADC_GetConversionValue
                0x0800825c                ADC_GetDualModeConversionValue
                0x08008268                ADC_AutoInjectedConvCmd
                0x0800827a                ADC_InjectedDiscModeCmd
                0x0800828c                ADC_ExternalTrigInjectedConvConfig
                0x08008298                ADC_ExternalTrigInjectedConvCmd
                0x080082aa                ADC_SoftwareStartInjectedConvCmd
                0x080082bc                ADC_GetSoftwareStartInjectedConvCmdStatus
                0x080082c4                ADC_InjectedChannelConfig
                0x08008320                ADC_InjectedSequencerLengthConfig
                0x08008330                ADC_SetInjectedOffset
                0x08008334                ADC_GetInjectedConversionValue
                0x0800833c                ADC_AnalogWatchdogCmd
                0x0800834c                ADC_AnalogWatchdogThresholdsConfig
                0x08008352                ADC_AnalogWatchdogSingleChannelConfig
                0x0800835e                ADC_TempSensorVrefintCmd
                0x08008378                ADC_GetFlagStatus
                0x08008384                ADC_ClearFlag
                0x0800838a                ADC_GetITStatus
                0x080083a0                ADC_ClearITPendingBit
 .text          0x080083a8      0x478 stm32f10x_lib/libstm32.a(stm32f10x_flash.o)
                0x080083a8                FLASH_SetLatency
                0x080083c0                FLASH_HalfCycleAccessCmd
                0x080083d8                FLASH_PrefetchBufferCmd
                0x080083f0                FLASH_Unlock
                0x08008408                FLASH_Lock
                0x08008418                FLASH_GetUserOptionByte
                0x08008424                FLASH_GetWriteProtectionOptionByte
                0x08008430                FLASH_GetReadOutProtectionStatus
                0x08008440                FLASH_GetPrefetchBufferStatus
                0x08008450                FLASH_ITConfig
                0x08008468                FLASH_GetFlagStatus
                0x08008488                FLASH_ClearFlag
                0x08008494                FLASH_GetStatus
                0x080084bc                FLASH_WaitForLastOperation
                0x080084f2                FLASH_ErasePage
                0x08008534                FLASH_EraseAllPages
                0x08008570                FLASH_EraseOptionBytes
                0x080085e0                FLASH_ProgramWord
                0x08008628                FLASH_ProgramHalfWord
                0x08008660                FLASH_ProgramOptionByteData
                0x080086a4                FLASH_EnableWriteProtection
                0x08008740                FLASH_ReadOutProtection
                0x080087cc                FLASH_UserOptionByteConfig
 .text          0x08008820      0x258 stm32f10x_lib/libstm32.a(stm32f10x_gpio.o)
                0x08008820                GPIO_DeInit
                0x080088c4                GPIO_AFIODeInit
                0x080088da                GPIO_Init
                0x08008976                GPIO_StructInit
                0x08008986                GPIO_ReadInputDataBit
                0x08008992                GPIO_ReadInputData
                0x08008998                GPIO_ReadOutputDataBit
                0x080089a4                GPIO_ReadOutputData
                0x080089aa                GPIO_SetBits
                0x080089ae                GPIO_ResetBits
                0x080089b2                GPIO_WriteBit
                0x080089bc                GPIO_Write
                0x080089c0                GPIO_PinLockConfig
                0x080089d0                GPIO_EventOutputConfig
                0x080089ec                GPIO_EventOutputCmd
                0x080089f8                GPIO_PinRemapConfig
                0x08008a4c                GPIO_EXTILineConfig
 .text          0x08008a78      0x320 stm32f10x_lib/libstm32.a(stm32f10x_nvic.o)
                0x08008a78                NVIC_DeInit
                0x08008aac                NVIC_SCBDeInit
                0x08008adc                NVIC_PriorityGroupConfig
                0x08008af0                NVIC_Init
                0x08008b70                NVIC_StructInit
                0x08008b7c                NVIC_SETPRIMASK
                0x08008b80                NVIC_RESETPRIMASK
                0x08008b84                NVIC_SETFAULTMASK
                0x08008b88                NVIC_RESETFAULTMASK
                0x08008b8c                NVIC_BASEPRICONFIG
                0x08008b92                NVIC_GetBASEPRI
                0x08008b96                NVIC_GetCurrentPendingIRQChannel
                0x08008ba4                NVIC_GetIRQChannelPendingBitStatus
                0x08008bc8                NVIC_SetIRQChannelPendingBit
                0x08008bd4                NVIC_ClearIRQChannelPendingBit
                0x08008bf0                NVIC_GetCurrentActiveHandler
                0x08008c00                NVIC_GetIRQChannelActiveBitStatus
                0x08008c24                NVIC_GetCPUID
                0x08008c30                NVIC_SetVectorTable
                0x08008c44                NVIC_GenerateSystemReset
                0x08008c54                NVIC_GenerateCoreReset
                0x08008c64                NVIC_SystemLPConfig
                0x08008c7c                NVIC_SystemHandlerConfig
                0x08008c9c                NVIC_SystemHandlerPriorityConfig
                0x08008ce8                NVIC_GetSystemHandlerPendingBitStatus
                0x08008d04                NVIC_SetSystemHandlerPendingBit
                0x08008d1c                NVIC_ClearSystemHandlerPendingBit
                0x08008d38                NVIC_GetSystemHandlerActiveBitStatus
                0x08008d54                NVIC_GetFaultHandlerSources
                0x08008d84                NVIC_GetFaultAddress
 .text          0x08008d98       0xc8 stm32f10x_lib/libstm32.a(stm32f10x_pwr.o)
                0x08008d98                PWR_DeInit
                0x08008db2                PWR_BackupAccessCmd
                0x08008dbc                PWR_PVDCmd
                0x08008dc8                PWR_PVDLevelConfig
                0x08008ddc                PWR_WakeUpPinCmd
                0x08008de8                PWR_EnterSTOPMode
                0x08008e14                PWR_EnterSTANDBYMode
                0x08008e3c                PWR_GetFlagStatus
                0x08008e50                PWR_ClearFlag
 .text          0x08008e60      0x33c stm32f10x_lib/libstm32.a(stm32f10x_rcc.o)
                0x08008e60                RCC_DeInit
                0x08008e9c                RCC_HSEConfig
                0x08008ed4                RCC_AdjustHSICalibrationValue
                0x08008ee8                RCC_HSICmd
                0x08008ef4                RCC_PLLConfig
                0x08008f08                RCC_PLLCmd
                0x08008f14                RCC_SYSCLKConfig
                0x08008f28                RCC_GetSYSCLKSource
                0x08008f38                RCC_HCLKConfig
                0x08008f4c                RCC_PCLK1Config
                0x08008f60                RCC_PCLK2Config
                0x08008f74                RCC_ITConfig
                0x08008f8c                RCC_USBCLKConfig
                0x08008f98                RCC_ADCCLKConfig
                0x08008fac                RCC_LSEConfig
                0x08008fcc                RCC_LSICmd
                0x08008fd8                RCC_RTCCLKConfig
                0x08008fe8                RCC_RTCCLKCmd
                0x08008ff4                RCC_GetClocksFreq
                0x08009078                RCC_AHBPeriphClockCmd
                0x08009090                RCC_APB2PeriphClockCmd
                0x080090a8                RCC_APB1PeriphClockCmd
                0x080090c0                RCC_APB2PeriphResetCmd
                0x080090d8                RCC_APB1PeriphResetCmd
                0x080090f0                RCC_BackupResetCmd
                0x080090fc                RCC_ClockSecuritySystemCmd
                0x08009108                RCC_MCOConfig
                0x08009114                RCC_GetFlagStatus
                0x0800913c                RCC_WaitForHSEStartUp
                0x0800916a                RCC_ClearFlag
                0x0800917c                RCC_GetITStatus
                0x08009190                RCC_ClearITPendingBit
 .text          0x0800919c       0x8c stm32f10x_lib/libstm32.a(stm32f10x_systick.o)
                0x0800919c                SysTick_CLKSourceConfig
                0x080091b4                SysTick_SetReload
                0x080091c0                SysTick_CounterCmd
                0x080091e8                SysTick_ITConfig
                0x08009200                SysTick_GetCounter
                0x0800920c                SysTick_GetFlagStatus
 .text          0x08009228      0xa44 stm32f10x_lib/libstm32.a(stm32f10x_tim.o)
                0x08009294                TIM_DeInit
                0x0800935c                TIM_TimeBaseInit
                0x08009398                TIM_OC1Init
                0x0800940c                TIM_OC2Init
                0x08009494                TIM_OC3Init
                0x08009518                TIM_OC4Init
                0x08009580                TIM_BDTRConfig
                0x080095a2                TIM_TimeBaseStructInit
                0x080095b4                TIM_OCStructInit
                0x080095c8                TIM_ICStructInit
                0x080095d8                TIM_BDTRStructInit
                0x080095ea                TIM_Cmd
                0x08009602                TIM_CtrlPWMOutputs
                0x0800961e                TIM_ITConfig
                0x08009630                TIM_GenerateEvent
                0x08009634                TIM_DMAConfig
                0x0800963c                TIM_DMACmd
                0x0800964e                TIM_InternalClockConfig
                0x0800965c                TIM_ITRxExternalClockConfig
                0x08009676                TIM_TIxExternalClockConfig
                0x080096aa                TIM_ETRConfig
                0x080096be                TIM_ETRClockMode1Config
                0x080096d8                TIM_ETRClockMode2Config
                0x080096ec                TIM_PrescalerConfig
                0x080096f2                TIM_CounterModeConfig
                0x08009702                TIM_SelectInputTrigger
                0x08009712                TIM_EncoderInterfaceConfig
                0x0800974e                TIM_ForcedOC1Config
                0x0800975e                TIM_ForcedOC2Config
                0x08009772                TIM_ForcedOC3Config
                0x08009782                TIM_ForcedOC4Config
                0x08009796                TIM_ARRPreloadConfig
                0x080097ae                TIM_SelectCOM
                0x080097c6                TIM_SelectCCDMA
                0x080097de                TIM_CCPreloadControl
                0x080097f6                TIM_OC1PreloadConfig
                0x08009806                TIM_OC2PreloadConfig
                0x0800981a                TIM_OC3PreloadConfig
                0x0800982a                TIM_OC4PreloadConfig
                0x0800983e                TIM_OC1FastConfig
                0x0800984e                TIM_OC2FastConfig
                0x08009862                TIM_OC3FastConfig
                0x08009872                TIM_OC4FastConfig
                0x08009886                TIM_ClearOC1Ref
                0x08009896                TIM_ClearOC2Ref
                0x080098a6                TIM_ClearOC3Ref
                0x080098b6                TIM_ClearOC4Ref
                0x080098c6                TIM_OC1PolarityConfig
                0x080098d6                TIM_OC1NPolarityConfig
                0x080098e6                TIM_OC2PolarityConfig
                0x080098fa                TIM_OC2NPolarityConfig
                0x0800990e                TIM_OC3PolarityConfig
                0x08009922                TIM_OC3NPolarityConfig
                0x08009936                TIM_OC4PolarityConfig
                0x0800994a                TIM_CCxCmd
                0x08009966                TIM_CCxNCmd
                0x08009982                TIM_SelectOCxM
                0x080099c6                TIM_UpdateDisableConfig
                0x080099de                TIM_UpdateRequestConfig
                0x080099f6                TIM_SelectHallSensor
                0x08009a0e                TIM_SelectOnePulseMode
                0x08009a24                TIM_SelectOutputTrigger
                0x08009a3a                TIM_SelectSlaveMode
                0x08009a50                TIM_SelectMasterSlaveMode
                0x08009a66                TIM_SetCounter
                0x08009a6a                TIM_SetAutoreload
                0x08009a6e                TIM_SetCompare1
                0x08009a72                TIM_SetCompare2
                0x08009a76                TIM_SetCompare3
                0x08009a7a                TIM_SetCompare4
                0x08009a80                TIM_SetIC1Prescaler
                0x08009a96                TIM_SetIC2Prescaler
                0x08009ab0                TIM_PWMIConfig
                0x08009b1e                TIM_SetIC3Prescaler
                0x08009b34                TIM_SetIC4Prescaler
                0x08009b4e                TIM_ICInit
                0x08009c02                TIM_SetClockDivision
                0x08009c12                TIM_GetCapture1
                0x08009c18                TIM_GetCapture2
                0x08009c1e                TIM_GetCapture3
                0x08009c24                TIM_GetCapture4
                0x08009c2c                TIM_GetCounter
                0x08009c32                TIM_GetPrescaler
                0x08009c38                TIM_GetFlagStatus
                0x08009c44                TIM_ClearFlag
                0x08009c4c                TIM_GetITStatus
                0x08009c62                TIM_ClearITPendingBit
 .text          0x08009c6c      0x344 stm32f10x_lib/libstm32.a(stm32f10x_usart.o)
                0x08009c6c                USART_DeInit
                0x08009d00                USART_Init
                0x08009d88                USART_StructInit
                0x08009d9e                USART_ClockInit
                0x08009dbe                USART_ClockStructInit
                0x08009dca                USART_Cmd
                0x08009de2                USART_ITConfig
                0x08009e12                USART_DMACmd
                0x08009e24                USART_SetAddress
                0x08009e3a                USART_WakeUpConfig
                0x08009e50                USART_ReceiverWakeUpCmd
                0x08009e68                USART_LINBreakDetectLengthConfig
                0x08009e7e                USART_LINCmd
                0x08009e96                USART_SendData
                0x08009e9e                USART_ReceiveData
                0x08009ea6                USART_SendBreak
                0x08009eb2                USART_SetGuardTime
                0x08009ec4                USART_SetPrescaler
                0x08009ed6                USART_SmartCardCmd
                0x08009eee                USART_SmartCardNACKCmd
                0x08009f06                USART_HalfDuplexCmd
                0x08009f1e                USART_IrDAConfig
                0x08009f34                USART_IrDACmd
                0x08009f4c                USART_GetFlagStatus
                0x08009f58                USART_ClearFlag
                0x08009f60                USART_GetITStatus
                0x08009fa0                USART_ClearITPendingBit
 .text          0x08009fb0       0x6e stm32f10x_lib/libstm32.a(cortexm3_macro.o)
                0x08009fb0                __WFI
                0x08009fb4                __WFE
                0x08009fb8                __SEV
                0x08009fbc                __ISB
                0x08009fc2                __DSB
                0x08009fc8                __DMB
                0x08009fce                __SVC
                0x08009fd2                __MRS_CONTROL
                0x08009fd8                __MSR_CONTROL
                0x08009fe2                __MRS_PSP
                0x08009fe8                __MSR_PSP
                0x08009fee                __MRS_MSP
                0x08009ff4                __MSR_MSP
                0x08009ffa                __SETPRIMASK
                0x08009ffe                __RESETPRIMASK
                0x0800a002                __SETFAULTMASK
                0x0800a006                __RESETFAULTMASK
                0x0800a00a                __BASEPRICONFIG
                0x0800a010                __GetBASEPRI
                0x0800a016                __REV_HalfWord
                0x0800a01a                __REV_Word
 *fill*         0x0800a01e        0x2 
 .text          0x0800a020       0x50 stm32f10x_lib/libstm32.a(stm32f10x_vector.o)
                0x0800a020                Reset_Handler
 .text          0x0800a070      0x370 c:/program files (x86)/gnu tools arm embedded/4.8 2014q2/bin/../lib/gcc/arm-none-eabi/4.8.4/armv7-m\libgcc.a(_arm_addsubdf3.o)
                0x0800a070                __aeabi_drsub
                0x0800a078                __aeabi_dsub
                0x0800a078                __subdf3
                0x0800a07c                __aeabi_dadd
                0x0800a07c                __adddf3
                0x0800a2f4                __floatunsidf
                0x0800a2f4                __aeabi_ui2d
                0x0800a314                __floatsidf
                0x0800a314                __aeabi_i2d
                0x0800a338                __aeabi_f2d
                0x0800a338                __extendsfdf2
                0x0800a374                __floatundidf
                0x0800a374                __aeabi_ul2d
                0x0800a384                __floatdidf
                0x0800a384                __aeabi_l2d
 .text          0x0800a3e0      0x424 c:/program files (x86)/gnu tools arm embedded/4.8 2014q2/bin/../lib/gcc/arm-none-eabi/4.8.4/armv7-m\libgcc.a(_arm_muldivdf3.o)
                0x0800a3e0                __aeabi_dmul
                0x0800a3e0                __muldf3
                0x0800a634                __divdf3
                0x0800a634                __aeabi_ddiv
 .text          0x0800a804      0x110 c:/program files (x86)/gnu tools arm embedded/4.8 2014q2/bin/../lib/gcc/arm-none-eabi/4.8.4/armv7-m\libgcc.a(_arm_cmpdf2.o)
                0x0800a804                __gtdf2
                0x0800a804                __gedf2
                0x0800a80c                __ltdf2
                0x0800a80c                __ledf2
                0x0800a814                __nedf2
                0x0800a814                __eqdf2
                0x0800a814                __cmpdf2
                0x0800a890                __aeabi_cdrcmple
                0x0800a8a0                __aeabi_cdcmpeq
                0x0800a8a0                __aeabi_cdcmple
                0x0800a8b0                __aeabi_dcmpeq
                0x0800a8c4                __aeabi_dcmplt
                0x0800a8d8                __aeabi_dcmple
                0x0800a8ec                __aeabi_dcmpge
                0x0800a900                __aeabi_dcmpgt
 .text          0x0800a914       0x50 c:/program files (x86)/gnu tools arm embedded/4.8 2014q2/bin/../lib/gcc/arm-none-eabi/4.8.4/armv7-m\libgcc.a(_arm_fixdfsi.o)
                0x0800a914                __aeabi_d2iz
                0x0800a914                __fixdfsi
 .text          0x0800a964       0xa0 c:/program files (x86)/gnu tools arm embedded/4.8 2014q2/bin/../lib/gcc/arm-none-eabi/4.8.4/armv7-m\libgcc.a(_arm_truncdfsf2.o)
                0x0800a964                __truncdfsf2
                0x0800a964                __aeabi_d2f
 .text          0x0800aa04      0x21c c:/program files (x86)/gnu tools arm embedded/4.8 2014q2/bin/../lib/gcc/arm-none-eabi/4.8.4/armv7-m\libgcc.a(_arm_addsubsf3.o)
                0x0800aa04                __aeabi_frsub
                0x0800aa0c                __subsf3
                0x0800aa0c                __aeabi_fsub
                0x0800aa10                __aeabi_fadd
                0x0800aa10                __addsf3
                0x0800ab70                __aeabi_ui2f
                0x0800ab70                __floatunsisf
                0x0800ab78                __aeabi_i2f
                0x0800ab78                __floatsisf
                0x0800ab94                __aeabi_ul2f
                0x0800ab94                __floatundisf
                0x0800aba4                __aeabi_l2f
                0x0800aba4                __floatdisf
 .text          0x0800ac20      0x2a0 c:/program files (x86)/gnu tools arm embedded/4.8 2014q2/bin/../lib/gcc/arm-none-eabi/4.8.4/armv7-m\libgcc.a(_arm_muldivsf3.o)
                0x0800ac20                __mulsf3
                0x0800ac20                __aeabi_fmul
                0x0800ad88                __aeabi_fdiv
                0x0800ad88                __divsf3
 .text          0x0800aec0       0xec c:/program files (x86)/gnu tools arm embedded/4.8 2014q2/bin/../lib/gcc/arm-none-eabi/4.8.4/armv7-m\libgcc.a(_arm_cmpsf2.o)
                0x0800aec0                __gesf2
                0x0800aec0                __gtsf2
                0x0800aec8                __lesf2
                0x0800aec8                __ltsf2
                0x0800aed0                __nesf2
                0x0800aed0                __eqsf2
                0x0800aed0                __cmpsf2
                0x0800af30                __aeabi_cfrcmple
                0x0800af38                __aeabi_cfcmpeq
                0x0800af38                __aeabi_cfcmple
                0x0800af48                __aeabi_fcmpeq
                0x0800af5c                __aeabi_fcmplt
                0x0800af70                __aeabi_fcmple
                0x0800af84                __aeabi_fcmpge
                0x0800af98                __aeabi_fcmpgt
 .text          0x0800afac       0x4c c:/program files (x86)/gnu tools arm embedded/4.8 2014q2/bin/../lib/gcc/arm-none-eabi/4.8.4/armv7-m\libgcc.a(_arm_fixsfsi.o)
                0x0800afac                __aeabi_f2iz
                0x0800afac                __fixsfsi
 *(.text.*)
 .text.startup  0x0800aff8       0x76 APP/src/main.o
                0x0800aff8                main
 *fill*         0x0800b06e        0x2 
 .text.cos      0x0800b070       0x8c c:/program files (x86)/gnu tools arm embedded/4.8 2014q2/bin/../lib/gcc/arm-none-eabi/4.8.4/../../../../arm-none-eabi/lib/armv7-m\libm.a(lib_a-s_cos.o)
                0x0800b070                cos
 .text.round    0x0800b0fc       0x9c c:/program files (x86)/gnu tools arm embedded/4.8 2014q2/bin/../lib/gcc/arm-none-eabi/4.8.4/../../../../arm-none-eabi/lib/armv7-m\libm.a(lib_a-s_round.o)
                0x0800b0fc                round
 .text.sin      0x0800b198       0x94 c:/program files (x86)/gnu tools arm embedded/4.8 2014q2/bin/../lib/gcc/arm-none-eabi/4.8.4/../../../../arm-none-eabi/lib/armv7-m\libm.a(lib_a-s_sin.o)
                0x0800b198                sin
 .text.atan2    0x0800b22c        0x4 c:/program files (x86)/gnu tools arm embedded/4.8 2014q2/bin/../lib/gcc/arm-none-eabi/4.8.4/../../../../arm-none-eabi/lib/armv7-m\libm.a(lib_a-w_atan2.o)
                0x0800b22c                atan2
 .text.sqrt     0x0800b230       0xac c:/program files (x86)/gnu tools arm embedded/4.8 2014q2/bin/../lib/gcc/arm-none-eabi/4.8.4/../../../../arm-none-eabi/lib/armv7-m\libm.a(lib_a-w_sqrt.o)
                0x0800b230                sqrt
 *fill*         0x0800b2dc        0x4 
 .text.__ieee754_atan2
                0x0800b2e0      0x1f0 c:/program files (x86)/gnu tools arm embedded/4.8 2014q2/bin/../lib/gcc/arm-none-eabi/4.8.4/../../../../arm-none-eabi/lib/armv7-m\libm.a(lib_a-e_atan2.o)
                0x0800b2e0                __ieee754_atan2
 .text.__ieee754_rem_pio2
                0x0800b4d0      0x440 c:/program files (x86)/gnu tools arm embedded/4.8 2014q2/bin/../lib/gcc/arm-none-eabi/4.8.4/../../../../arm-none-eabi/lib/armv7-m\libm.a(lib_a-e_rem_pio2.o)
                0x0800b4d0                __ieee754_rem_pio2
 .text.__ieee754_sqrt
                0x0800b910      0x180 c:/program files (x86)/gnu tools arm embedded/4.8 2014q2/bin/../lib/gcc/arm-none-eabi/4.8.4/../../../../arm-none-eabi/lib/armv7-m\libm.a(lib_a-e_sqrt.o)
                0x0800b910                __ieee754_sqrt
 .text.__kernel_cos
                0x0800ba90      0x248 c:/program files (x86)/gnu tools arm embedded/4.8 2014q2/bin/../lib/gcc/arm-none-eabi/4.8.4/../../../../arm-none-eabi/lib/armv7-m\libm.a(lib_a-k_cos.o)
                0x0800ba90                __kernel_cos
 .text.__kernel_rem_pio2
                0x0800bcd8      0x7bc c:/program files (x86)/gnu tools arm embedded/4.8 2014q2/bin/../lib/gcc/arm-none-eabi/4.8.4/../../../../arm-none-eabi/lib/armv7-m\libm.a(lib_a-k_rem_pio2.o)
                0x0800bcd8                __kernel_rem_pio2
 *fill*         0x0800c494        0x4 
 .text.__kernel_sin
                0x0800c498      0x170 c:/program files (x86)/gnu tools arm embedded/4.8 2014q2/bin/../lib/gcc/arm-none-eabi/4.8.4/../../../../arm-none-eabi/lib/armv7-m\libm.a(lib_a-k_sin.o)
                0x0800c498                __kernel_sin
 .text.atan     0x0800c608      0x350 c:/program files (x86)/gnu tools arm embedded/4.8 2014q2/bin/../lib/gcc/arm-none-eabi/4.8.4/../../../../arm-none-eabi/lib/armv7-m\libm.a(lib_a-s_atan.o)
                0x0800c608                atan
 .text.fabs     0x0800c958        0x8 c:/program files (x86)/gnu tools arm embedded/4.8 2014q2/bin/../lib/gcc/arm-none-eabi/4.8.4/../../../../arm-none-eabi/lib/armv7-m\libm.a(lib_a-s_fabs.o)
                0x0800c958                fabs
 .text.floor    0x0800c960      0x120 c:/program files (x86)/gnu tools arm embedded/4.8 2014q2/bin/../lib/gcc/arm-none-eabi/4.8.4/../../../../arm-none-eabi/lib/armv7-m\libm.a(lib_a-s_floor.o)
                0x0800c960                floor
 .text.__fpclassifyd
                0x0800ca80       0x50 c:/program files (x86)/gnu tools arm embedded/4.8 2014q2/bin/../lib/gcc/arm-none-eabi/4.8.4/../../../../arm-none-eabi/lib/armv7-m\libm.a(lib_a-s_fpclassify.o)
                0x0800ca80                __fpclassifyd
 .text.matherr  0x0800cad0        0x4 c:/program files (x86)/gnu tools arm embedded/4.8 2014q2/bin/../lib/gcc/arm-none-eabi/4.8.4/../../../../arm-none-eabi/lib/armv7-m\libm.a(lib_a-s_matherr.o)
                0x0800cad0                matherr
 *fill*         0x0800cad4        0x4 
 .text.scalbn   0x0800cad8      0x100 c:/program files (x86)/gnu tools arm embedded/4.8 2014q2/bin/../lib/gcc/arm-none-eabi/4.8.4/../../../../arm-none-eabi/lib/armv7-m\libm.a(lib_a-s_scalbn.o)
                0x0800cad8                scalbn
 .text.copysign
                0x0800cbd8       0x14 c:/program files (x86)/gnu tools arm embedded/4.8 2014q2/bin/../lib/gcc/arm-none-eabi/4.8.4/../../../../arm-none-eabi/lib/armv7-m\libm.a(lib_a-s_copysign.o)
                0x0800cbd8                copysign
 .text.__errno  0x0800cbec        0xc c:/program files (x86)/gnu tools arm embedded/4.8 2014q2/bin/../lib/gcc/arm-none-eabi/4.8.4/../../../../arm-none-eabi/lib/armv7-m\libc.a(lib_a-errno.o)
                0x0800cbec                __errno
 *(.rodata)
 .rodata        0x0800cbf8        0xe APP/src/main.o
 .rodata        0x0800cc06       0x14 stm32f10x_lib/libstm32.a(stm32f10x_rcc.o)
 *(.rodata*)
 .rodata.str1.1
                0x0800cc1a      0x27f APP/src/cm530_Nunez.o
 *fill*         0x0800ce99        0x3 
 .rodata.str1.4
                0x0800ce9c        0x5 c:/program files (x86)/gnu tools arm embedded/4.8 2014q2/bin/../lib/gcc/arm-none-eabi/4.8.4/../../../../arm-none-eabi/lib/armv7-m\libm.a(lib_a-w_sqrt.o)
                                  0x8 (size before relaxing)
 *fill*         0x0800cea1        0x3 
 .rodata.npio2_hw
                0x0800cea4       0x80 c:/program files (x86)/gnu tools arm embedded/4.8 2014q2/bin/../lib/gcc/arm-none-eabi/4.8.4/../../../../arm-none-eabi/lib/armv7-m\libm.a(lib_a-e_rem_pio2.o)
 .rodata.two_over_pi
                0x0800cf24      0x108 c:/program files (x86)/gnu tools arm embedded/4.8 2014q2/bin/../lib/gcc/arm-none-eabi/4.8.4/../../../../arm-none-eabi/lib/armv7-m\libm.a(lib_a-e_rem_pio2.o)
 .rodata.init_jk
                0x0800d02c       0x10 c:/program files (x86)/gnu tools arm embedded/4.8 2014q2/bin/../lib/gcc/arm-none-eabi/4.8.4/../../../../arm-none-eabi/lib/armv7-m\libm.a(lib_a-k_rem_pio2.o)
 *fill*         0x0800d03c        0x4 
 .rodata.PIo2   0x0800d040       0x40 c:/program files (x86)/gnu tools arm embedded/4.8 2014q2/bin/../lib/gcc/arm-none-eabi/4.8.4/../../../../arm-none-eabi/lib/armv7-m\libm.a(lib_a-k_rem_pio2.o)
 .rodata.atanlo
                0x0800d080       0x20 c:/program files (x86)/gnu tools arm embedded/4.8 2014q2/bin/../lib/gcc/arm-none-eabi/4.8.4/../../../../arm-none-eabi/lib/armv7-m\libm.a(lib_a-s_atan.o)
 .rodata.atanhi
                0x0800d0a0       0x20 c:/program files (x86)/gnu tools arm embedded/4.8 2014q2/bin/../lib/gcc/arm-none-eabi/4.8.4/../../../../arm-none-eabi/lib/armv7-m\libm.a(lib_a-s_atan.o)
 .rodata.str1.4
                0x0800d0c0        0x4 c:/program files (x86)/gnu tools arm embedded/4.8 2014q2/bin/../lib/gcc/arm-none-eabi/4.8.4/../../../../arm-none-eabi/lib/armv7-m\libc.a(lib_a-impure.o)
 *(.glue_7)
 .glue_7        0x00000000        0x0 linker stubs
 *(.glue_7t)
 .glue_7t       0x00000000        0x0 linker stubs
                0x0800d0c4                . = ALIGN (0x4)
                0x0800d0c4                _etext = .
                0x0800d0c4                _sidata = _etext

.vfp11_veneer   0x0800d0c4        0x0
 .vfp11_veneer  0x00000000        0x0 linker stubs

.v4_bx          0x0800d0c4        0x0
 .v4_bx         0x00000000        0x0 linker stubs

.iplt           0x0800d0c4        0x0
 .iplt          0x00000000        0x0 c:/program files (x86)/gnu tools arm embedded/4.8 2014q2/bin/../lib/gcc/arm-none-eabi/4.8.4/armv7-m/crtbegin.o

.rel.dyn        0x0800d0c4        0x0
 .rel.iplt      0x00000000        0x0 c:/program files (x86)/gnu tools arm embedded/4.8 2014q2/bin/../lib/gcc/arm-none-eabi/4.8.4/armv7-m/crtbegin.o

.data           0x20000000      0x50c load address 0x0800d0c4
                0x20000000                . = ALIGN (0x4)
                0x20000000                _sdata = .
 *(.data)
 .data          0x20000000       0xd8 APP/src/cm530_Nunez.o
                0x20000000                EasyLED
                0x20000038                EasyButton
                0x20000068                EasyEPort
                0x200000cc                Baudrate_PCU
                0x200000d0                Baudrate_ZIG
                0x200000d4                Baudrate_DXL
 *(.data.*)
 .data.__fdlib_version
                0x200000d8        0x1 c:/program files (x86)/gnu tools arm embedded/4.8 2014q2/bin/../lib/gcc/arm-none-eabi/4.8.4/../../../../arm-none-eabi/lib/armv7-m\libm.a(lib_a-s_lib_ver.o)
                0x200000d8                __fdlib_version
 *fill*         0x200000d9        0x7 
 .data.impure_data
                0x200000e0      0x428 c:/program files (x86)/gnu tools arm embedded/4.8 2014q2/bin/../lib/gcc/arm-none-eabi/4.8.4/../../../../arm-none-eabi/lib/armv7-m\libc.a(lib_a-impure.o)
 .data._impure_ptr
                0x20000508        0x4 c:/program files (x86)/gnu tools arm embedded/4.8 2014q2/bin/../lib/gcc/arm-none-eabi/4.8.4/../../../../arm-none-eabi/lib/armv7-m\libc.a(lib_a-impure.o)
                0x20000508                _impure_ptr
                0x2000050c                . = ALIGN (0x4)
                0x2000050c                _edata = .

.igot.plt       0x2000050c        0x0 load address 0x0800d5d0
 .igot.plt      0x00000000        0x0 c:/program files (x86)/gnu tools arm embedded/4.8 2014q2/bin/../lib/gcc/arm-none-eabi/4.8.4/armv7-m/crtbegin.o

.bss            0x2000050c      0x508 load address 0x0800d5d0
                0x2000050c                . = ALIGN (0x4)
                0x2000050c                _sbss = .
 *(.bss)
 .bss           0x2000050c      0x224 APP/src/main.o
                0x2000050c                g_Values_1_Int
                0x2000053c                g_Values_1_Flt
                0x20000554                g_Values_2_Flt
                0x2000056c                g_Values_2_Int
                0x200005c4                g_Values_3_Flt
                0x200005d0                g_Values_3_Int
                0x20000638                g_Values_4_Int
                0x2000066c                g_Values_4_Flt
                0x20000684                g_P_Pos
                0x20000690                g_P_Ori
                0x2000069c                g_LF_Pos
                0x200006a8                g_LSS
                0x200006ac                g_RF_Ori
                0x200006b8                g_RF_Pos
                0x200006c4                g_thRArm
                0x200006d0                g_thLArm
                0x200006dc                g_RSS
                0x200006e0                g_LF_Ori
                0x200006ec                g_Sens
                0x200006f0                g_Kick
                0x200006f4                g_Index_Step
                0x200006f8                timer
                0x200006fc                Flag
                0x20000700                g_thLLeg
                0x20000718                g_thRLeg
 .bss           0x20000730      0x2e4 APP/src/cm530_Nunez.o
                0x20000730                glDelayCounter
                0x20000734                gbCounterCount
                0x20000738                glCountdownCounter
                0x2000073c                glBuzzerCounter
                0x20000740                glDxlTimeoutCounter
                0x20000744                glPcuTimeoutCounter
 *(COMMON)
                0x20000a14                . = ALIGN (0x4)
                0x20000a14                _ebss = .
                0x20000a14                PROVIDE (end, _ebss)
                0x20000a14                PROVIDE (_end, _ebss)

._usrstack      0x20000a14      0x100 load address 0x0800dad8
                0x20000a14                . = ALIGN (0x4)
                0x20000a14                _susrstack = .
                0x20000b14                . = (. + _Minimum_Stack_Size)
 *fill*         0x20000a14      0x100 
                0x20000b14                . = ALIGN (0x4)
                0x20000b14                _eusrstack = .

.b1text
 *(.b1text)
 *(.b1rodata)
 *(.b1rodata*)

.eb0text
 *(.eb0text)
 *(.eb0rodata)
 *(.eb0rodata*)

.eb1text
 *(.eb1text)
 *(.eb1rodata)
 *(.eb1rodata*)

.eb2text
 *(.eb2text)
 *(.eb2rodata)
 *(.eb2rodata*)

.eb3text
 *(.eb3text)
 *(.eb3rodata)
 *(.eb3rodata*)
                0x20000b14                __exidx_start = .
                0x20000b14                __exidx_end = .

/DISCARD/
 libc.a(*)
 libm.a(*)
 libgcc.a(*)

.stab
 *(.stab)

.stabstr
 *(.stabstr)

.stab.excl
 *(.stab.excl)

.stab.exclstr
 *(.stab.exclstr)

.stab.index
 *(.stab.index)

.stab.indexstr
 *(.stab.indexstr)

.comment        0x00000000       0x70
 *(.comment)
 .comment       0x00000000       0x70 APP/src/main.o
                                 0x71 (size before relaxing)
 .comment       0x00000000       0x71 APP/src/stm32f10x_it.o
 .comment       0x00000000       0x71 APP/src/cm530_Nunez.o
 .comment       0x00000000       0x71 stm32f10x_lib/libstm32.a(stm32f10x_adc.o)
 .comment       0x00000000       0x71 stm32f10x_lib/libstm32.a(stm32f10x_flash.o)
 .comment       0x00000000       0x71 stm32f10x_lib/libstm32.a(stm32f10x_gpio.o)
 .comment       0x00000000       0x71 stm32f10x_lib/libstm32.a(stm32f10x_nvic.o)
 .comment       0x00000000       0x71 stm32f10x_lib/libstm32.a(stm32f10x_pwr.o)
 .comment       0x00000000       0x71 stm32f10x_lib/libstm32.a(stm32f10x_rcc.o)
 .comment       0x00000000       0x71 stm32f10x_lib/libstm32.a(stm32f10x_systick.o)
 .comment       0x00000000       0x71 stm32f10x_lib/libstm32.a(stm32f10x_tim.o)
 .comment       0x00000000       0x71 stm32f10x_lib/libstm32.a(stm32f10x_usart.o)
 .comment       0x00000000       0x71 stm32f10x_lib/libstm32.a(stm32f10x_vector.o)

.ARM.attributes
                0x00000000       0x29
 .ARM.attributes
                0x00000000       0x33 APP/src/main.o
 .ARM.attributes
                0x00000033       0x33 APP/src/stm32f10x_it.o
 .ARM.attributes
                0x00000066       0x33 APP/src/cm530_Nunez.o
 .ARM.attributes
                0x00000099       0x33 stm32f10x_lib/libstm32.a(stm32f10x_adc.o)
 .ARM.attributes
                0x000000cc       0x33 stm32f10x_lib/libstm32.a(stm32f10x_flash.o)
 .ARM.attributes
                0x000000ff       0x33 stm32f10x_lib/libstm32.a(stm32f10x_gpio.o)
 .ARM.attributes
                0x00000132       0x33 stm32f10x_lib/libstm32.a(stm32f10x_nvic.o)
 .ARM.attributes
                0x00000165       0x33 stm32f10x_lib/libstm32.a(stm32f10x_pwr.o)
 .ARM.attributes
                0x00000198       0x33 stm32f10x_lib/libstm32.a(stm32f10x_rcc.o)
 .ARM.attributes
                0x000001cb       0x33 stm32f10x_lib/libstm32.a(stm32f10x_systick.o)
 .ARM.attributes
                0x000001fe       0x33 stm32f10x_lib/libstm32.a(stm32f10x_tim.o)
 .ARM.attributes
                0x00000231       0x33 stm32f10x_lib/libstm32.a(stm32f10x_usart.o)
 .ARM.attributes
                0x00000264       0x21 stm32f10x_lib/libstm32.a(cortexm3_macro.o)
 .ARM.attributes
                0x00000285       0x33 stm32f10x_lib/libstm32.a(stm32f10x_vector.o)
 .ARM.attributes
                0x000002b8       0x2d c:/program files (x86)/gnu tools arm embedded/4.8 2014q2/bin/../lib/gcc/arm-none-eabi/4.8.4/../../../../arm-none-eabi/lib/armv7-m\libm.a(lib_a-s_cos.o)
 .ARM.attributes
                0x000002e5       0x2d c:/program files (x86)/gnu tools arm embedded/4.8 2014q2/bin/../lib/gcc/arm-none-eabi/4.8.4/../../../../arm-none-eabi/lib/armv7-m\libm.a(lib_a-s_round.o)
 .ARM.attributes
                0x00000312       0x2d c:/program files (x86)/gnu tools arm embedded/4.8 2014q2/bin/../lib/gcc/arm-none-eabi/4.8.4/../../../../arm-none-eabi/lib/armv7-m\libm.a(lib_a-s_sin.o)
 .ARM.attributes
                0x0000033f       0x2d c:/program files (x86)/gnu tools arm embedded/4.8 2014q2/bin/../lib/gcc/arm-none-eabi/4.8.4/../../../../arm-none-eabi/lib/armv7-m\libm.a(lib_a-w_atan2.o)
 .ARM.attributes
                0x0000036c       0x2d c:/program files (x86)/gnu tools arm embedded/4.8 2014q2/bin/../lib/gcc/arm-none-eabi/4.8.4/../../../../arm-none-eabi/lib/armv7-m\libm.a(lib_a-w_sqrt.o)
 .ARM.attributes
                0x00000399       0x2d c:/program files (x86)/gnu tools arm embedded/4.8 2014q2/bin/../lib/gcc/arm-none-eabi/4.8.4/../../../../arm-none-eabi/lib/armv7-m\libm.a(lib_a-e_atan2.o)
 .ARM.attributes
                0x000003c6       0x2d c:/program files (x86)/gnu tools arm embedded/4.8 2014q2/bin/../lib/gcc/arm-none-eabi/4.8.4/../../../../arm-none-eabi/lib/armv7-m\libm.a(lib_a-e_rem_pio2.o)
 .ARM.attributes
                0x000003f3       0x2d c:/program files (x86)/gnu tools arm embedded/4.8 2014q2/bin/../lib/gcc/arm-none-eabi/4.8.4/../../../../arm-none-eabi/lib/armv7-m\libm.a(lib_a-e_sqrt.o)
 .ARM.attributes
                0x00000420       0x2d c:/program files (x86)/gnu tools arm embedded/4.8 2014q2/bin/../lib/gcc/arm-none-eabi/4.8.4/../../../../arm-none-eabi/lib/armv7-m\libm.a(lib_a-k_cos.o)
 .ARM.attributes
                0x0000044d       0x2d c:/program files (x86)/gnu tools arm embedded/4.8 2014q2/bin/../lib/gcc/arm-none-eabi/4.8.4/../../../../arm-none-eabi/lib/armv7-m\libm.a(lib_a-k_rem_pio2.o)
 .ARM.attributes
                0x0000047a       0x2d c:/program files (x86)/gnu tools arm embedded/4.8 2014q2/bin/../lib/gcc/arm-none-eabi/4.8.4/../../../../arm-none-eabi/lib/armv7-m\libm.a(lib_a-k_sin.o)
 .ARM.attributes
                0x000004a7       0x2d c:/program files (x86)/gnu tools arm embedded/4.8 2014q2/bin/../lib/gcc/arm-none-eabi/4.8.4/../../../../arm-none-eabi/lib/armv7-m\libm.a(lib_a-s_atan.o)
 .ARM.attributes
                0x000004d4       0x2d c:/program files (x86)/gnu tools arm embedded/4.8 2014q2/bin/../lib/gcc/arm-none-eabi/4.8.4/../../../../arm-none-eabi/lib/armv7-m\libm.a(lib_a-s_fabs.o)
 .ARM.attributes
                0x00000501       0x2d c:/program files (x86)/gnu tools arm embedded/4.8 2014q2/bin/../lib/gcc/arm-none-eabi/4.8.4/../../../../arm-none-eabi/lib/armv7-m\libm.a(lib_a-s_floor.o)
 .ARM.attributes
                0x0000052e       0x2d c:/program files (x86)/gnu tools arm embedded/4.8 2014q2/bin/../lib/gcc/arm-none-eabi/4.8.4/../../../../arm-none-eabi/lib/armv7-m\libm.a(lib_a-s_fpclassify.o)
 .ARM.attributes
                0x0000055b       0x2d c:/program files (x86)/gnu tools arm embedded/4.8 2014q2/bin/../lib/gcc/arm-none-eabi/4.8.4/../../../../arm-none-eabi/lib/armv7-m\libm.a(lib_a-s_lib_ver.o)
 .ARM.attributes
                0x00000588       0x2d c:/program files (x86)/gnu tools arm embedded/4.8 2014q2/bin/../lib/gcc/arm-none-eabi/4.8.4/../../../../arm-none-eabi/lib/armv7-m\libm.a(lib_a-s_matherr.o)
 .ARM.attributes
                0x000005b5       0x2d c:/program files (x86)/gnu tools arm embedded/4.8 2014q2/bin/../lib/gcc/arm-none-eabi/4.8.4/../../../../arm-none-eabi/lib/armv7-m\libm.a(lib_a-s_scalbn.o)
 .ARM.attributes
                0x000005e2       0x2d c:/program files (x86)/gnu tools arm embedded/4.8 2014q2/bin/../lib/gcc/arm-none-eabi/4.8.4/../../../../arm-none-eabi/lib/armv7-m\libm.a(lib_a-s_copysign.o)
 .ARM.attributes
                0x0000060f       0x1d c:/program files (x86)/gnu tools arm embedded/4.8 2014q2/bin/../lib/gcc/arm-none-eabi/4.8.4/armv7-m\libgcc.a(_arm_addsubdf3.o)
 .ARM.attributes
                0x0000062c       0x1d c:/program files (x86)/gnu tools arm embedded/4.8 2014q2/bin/../lib/gcc/arm-none-eabi/4.8.4/armv7-m\libgcc.a(_arm_muldivdf3.o)
 .ARM.attributes
                0x00000649       0x1d c:/program files (x86)/gnu tools arm embedded/4.8 2014q2/bin/../lib/gcc/arm-none-eabi/4.8.4/armv7-m\libgcc.a(_arm_cmpdf2.o)
 .ARM.attributes
                0x00000666       0x1d c:/program files (x86)/gnu tools arm embedded/4.8 2014q2/bin/../lib/gcc/arm-none-eabi/4.8.4/armv7-m\libgcc.a(_arm_fixdfsi.o)
 .ARM.attributes
                0x00000683       0x1d c:/program files (x86)/gnu tools arm embedded/4.8 2014q2/bin/../lib/gcc/arm-none-eabi/4.8.4/armv7-m\libgcc.a(_arm_truncdfsf2.o)
 .ARM.attributes
                0x000006a0       0x1d c:/program files (x86)/gnu tools arm embedded/4.8 2014q2/bin/../lib/gcc/arm-none-eabi/4.8.4/armv7-m\libgcc.a(_arm_addsubsf3.o)
 .ARM.attributes
                0x000006bd       0x1d c:/program files (x86)/gnu tools arm embedded/4.8 2014q2/bin/../lib/gcc/arm-none-eabi/4.8.4/armv7-m\libgcc.a(_arm_muldivsf3.o)
 .ARM.attributes
                0x000006da       0x1d c:/program files (x86)/gnu tools arm embedded/4.8 2014q2/bin/../lib/gcc/arm-none-eabi/4.8.4/armv7-m\libgcc.a(_arm_cmpsf2.o)
 .ARM.attributes
                0x000006f7       0x1d c:/program files (x86)/gnu tools arm embedded/4.8 2014q2/bin/../lib/gcc/arm-none-eabi/4.8.4/armv7-m\libgcc.a(_arm_fixsfsi.o)
 .ARM.attributes
                0x00000714       0x2d c:/program files (x86)/gnu tools arm embedded/4.8 2014q2/bin/../lib/gcc/arm-none-eabi/4.8.4/../../../../arm-none-eabi/lib/armv7-m\libc.a(lib_a-errno.o)
 .ARM.attributes
                0x00000741       0x2d c:/program files (x86)/gnu tools arm embedded/4.8 2014q2/bin/../lib/gcc/arm-none-eabi/4.8.4/../../../../arm-none-eabi/lib/armv7-m\libc.a(lib_a-impure.o)

.debug
 *(.debug)

.line
 *(.line)

.debug_srcinfo
 *(.debug_srcinfo)

.debug_sfnames
 *(.debug_sfnames)

.debug_aranges  0x00000000      0x1c8
 *(.debug_aranges)
 .debug_aranges
                0x00000000       0x28 APP/src/main.o
 .debug_aranges
                0x00000028       0x20 APP/src/stm32f10x_it.o
 .debug_aranges
                0x00000048       0x20 APP/src/cm530_Nunez.o
 .debug_aranges
                0x00000068       0x20 stm32f10x_lib/libstm32.a(stm32f10x_adc.o)
 .debug_aranges
                0x00000088       0x20 stm32f10x_lib/libstm32.a(stm32f10x_flash.o)
 .debug_aranges
                0x000000a8       0x20 stm32f10x_lib/libstm32.a(stm32f10x_gpio.o)
 .debug_aranges
                0x000000c8       0x20 stm32f10x_lib/libstm32.a(stm32f10x_nvic.o)
 .debug_aranges
                0x000000e8       0x20 stm32f10x_lib/libstm32.a(stm32f10x_pwr.o)
 .debug_aranges
                0x00000108       0x20 stm32f10x_lib/libstm32.a(stm32f10x_rcc.o)
 .debug_aranges
                0x00000128       0x20 stm32f10x_lib/libstm32.a(stm32f10x_systick.o)
 .debug_aranges
                0x00000148       0x20 stm32f10x_lib/libstm32.a(stm32f10x_tim.o)
 .debug_aranges
                0x00000168       0x20 stm32f10x_lib/libstm32.a(stm32f10x_usart.o)
 .debug_aranges
                0x00000188       0x20 stm32f10x_lib/libstm32.a(cortexm3_macro.o)
 .debug_aranges
                0x000001a8       0x20 stm32f10x_lib/libstm32.a(stm32f10x_vector.o)

.debug_pubnames
 *(.debug_pubnames)

.debug_info     0x00000000     0xe180
 *(.debug_info .gnu.linkonce.wi.*)
 .debug_info    0x00000000     0x40e8 APP/src/main.o
 .debug_info    0x000040e8      0x8a1 APP/src/stm32f10x_it.o
 .debug_info    0x00004989     0x3aee APP/src/cm530_Nunez.o
 .debug_info    0x00008477      0xb58 stm32f10x_lib/libstm32.a(stm32f10x_adc.o)
 .debug_info    0x00008fcf      0x8bb stm32f10x_lib/libstm32.a(stm32f10x_flash.o)
 .debug_info    0x0000988a      0x747 stm32f10x_lib/libstm32.a(stm32f10x_gpio.o)
 .debug_info    0x00009fd1      0x966 stm32f10x_lib/libstm32.a(stm32f10x_nvic.o)
 .debug_info    0x0000a937      0x2c6 stm32f10x_lib/libstm32.a(stm32f10x_pwr.o)
 .debug_info    0x0000abfd      0x871 stm32f10x_lib/libstm32.a(stm32f10x_rcc.o)
 .debug_info    0x0000b46e      0x20b stm32f10x_lib/libstm32.a(stm32f10x_systick.o)
 .debug_info    0x0000b679     0x1f48 stm32f10x_lib/libstm32.a(stm32f10x_tim.o)
 .debug_info    0x0000d5c1      0xa2a stm32f10x_lib/libstm32.a(stm32f10x_usart.o)
 .debug_info    0x0000dfeb       0x7e stm32f10x_lib/libstm32.a(cortexm3_macro.o)
 .debug_info    0x0000e069      0x117 stm32f10x_lib/libstm32.a(stm32f10x_vector.o)

.debug_abbrev   0x00000000     0x1d30
 *(.debug_abbrev)
 .debug_abbrev  0x00000000      0x463 APP/src/main.o
 .debug_abbrev  0x00000463      0x195 APP/src/stm32f10x_it.o
 .debug_abbrev  0x000005f8      0x4b2 APP/src/cm530_Nunez.o
 .debug_abbrev  0x00000aaa      0x196 stm32f10x_lib/libstm32.a(stm32f10x_adc.o)
 .debug_abbrev  0x00000c40      0x24e stm32f10x_lib/libstm32.a(stm32f10x_flash.o)
 .debug_abbrev  0x00000e8e      0x1e8 stm32f10x_lib/libstm32.a(stm32f10x_gpio.o)
 .debug_abbrev  0x00001076      0x26d stm32f10x_lib/libstm32.a(stm32f10x_nvic.o)
 .debug_abbrev  0x000012e3      0x174 stm32f10x_lib/libstm32.a(stm32f10x_pwr.o)
 .debug_abbrev  0x00001457      0x227 stm32f10x_lib/libstm32.a(stm32f10x_rcc.o)
 .debug_abbrev  0x0000167e      0x128 stm32f10x_lib/libstm32.a(stm32f10x_systick.o)
 .debug_abbrev  0x000017a6      0x2be stm32f10x_lib/libstm32.a(stm32f10x_tim.o)
 .debug_abbrev  0x00001a64      0x1ed stm32f10x_lib/libstm32.a(stm32f10x_usart.o)
 .debug_abbrev  0x00001c51       0x14 stm32f10x_lib/libstm32.a(cortexm3_macro.o)
 .debug_abbrev  0x00001c65       0xcb stm32f10x_lib/libstm32.a(stm32f10x_vector.o)

.debug_line     0x00000000     0x2921
 *(.debug_line)
 .debug_line    0x00000000      0xc56 APP/src/main.o
 .debug_line    0x00000c56      0x1d8 APP/src/stm32f10x_it.o
 .debug_line    0x00000e2e      0x8a2 APP/src/cm530_Nunez.o
 .debug_line    0x000016d0      0x226 stm32f10x_lib/libstm32.a(stm32f10x_adc.o)
 .debug_line    0x000018f6      0x201 stm32f10x_lib/libstm32.a(stm32f10x_flash.o)
 .debug_line    0x00001af7      0x178 stm32f10x_lib/libstm32.a(stm32f10x_gpio.o)
 .debug_line    0x00001c6f      0x1c0 stm32f10x_lib/libstm32.a(stm32f10x_nvic.o)
 .debug_line    0x00001e2f       0xeb stm32f10x_lib/libstm32.a(stm32f10x_pwr.o)
 .debug_line    0x00001f1a      0x199 stm32f10x_lib/libstm32.a(stm32f10x_rcc.o)
 .debug_line    0x000020b3       0xb5 stm32f10x_lib/libstm32.a(stm32f10x_systick.o)
 .debug_line    0x00002168      0x4c5 stm32f10x_lib/libstm32.a(stm32f10x_tim.o)
 .debug_line    0x0000262d      0x1e9 stm32f10x_lib/libstm32.a(stm32f10x_usart.o)
 .debug_line    0x00002816       0xa4 stm32f10x_lib/libstm32.a(cortexm3_macro.o)
 .debug_line    0x000028ba       0x67 stm32f10x_lib/libstm32.a(stm32f10x_vector.o)

.debug_frame    0x00000000     0x28a8
 *(.debug_frame)
 .debug_frame   0x00000000      0x4bc APP/src/main.o
 .debug_frame   0x000004bc      0x468 APP/src/stm32f10x_it.o
 .debug_frame   0x00000924      0x88c APP/src/cm530_Nunez.o
 .debug_frame   0x000011b0      0x278 stm32f10x_lib/libstm32.a(stm32f10x_adc.o)
 .debug_frame   0x00001428      0x1f0 stm32f10x_lib/libstm32.a(stm32f10x_flash.o)
 .debug_frame   0x00001618      0x154 stm32f10x_lib/libstm32.a(stm32f10x_gpio.o)
 .debug_frame   0x0000176c      0x208 stm32f10x_lib/libstm32.a(stm32f10x_nvic.o)
 .debug_frame   0x00001974       0xa8 stm32f10x_lib/libstm32.a(stm32f10x_pwr.o)
 .debug_frame   0x00001a1c      0x224 stm32f10x_lib/libstm32.a(stm32f10x_rcc.o)
 .debug_frame   0x00001c40       0x70 stm32f10x_lib/libstm32.a(stm32f10x_systick.o)
 .debug_frame   0x00001cb0      0x658 stm32f10x_lib/libstm32.a(stm32f10x_tim.o)
 .debug_frame   0x00002308      0x1ec stm32f10x_lib/libstm32.a(stm32f10x_usart.o)
 .debug_frame   0x000024f4       0x2c stm32f10x_lib/libstm32.a(stm32f10x_vector.o)
 .debug_frame   0x00002520       0x30 c:/program files (x86)/gnu tools arm embedded/4.8 2014q2/bin/../lib/gcc/arm-none-eabi/4.8.4/../../../../arm-none-eabi/lib/armv7-m\libm.a(lib_a-s_cos.o)
 .debug_frame   0x00002550       0x30 c:/program files (x86)/gnu tools arm embedded/4.8 2014q2/bin/../lib/gcc/arm-none-eabi/4.8.4/../../../../arm-none-eabi/lib/armv7-m\libm.a(lib_a-s_round.o)
 .debug_frame   0x00002580       0x30 c:/program files (x86)/gnu tools arm embedded/4.8 2014q2/bin/../lib/gcc/arm-none-eabi/4.8.4/../../../../arm-none-eabi/lib/armv7-m\libm.a(lib_a-s_sin.o)
 .debug_frame   0x000025b0       0x20 c:/program files (x86)/gnu tools arm embedded/4.8 2014q2/bin/../lib/gcc/arm-none-eabi/4.8.4/../../../../arm-none-eabi/lib/armv7-m\libm.a(lib_a-w_atan2.o)
 .debug_frame   0x000025d0       0x38 c:/program files (x86)/gnu tools arm embedded/4.8 2014q2/bin/../lib/gcc/arm-none-eabi/4.8.4/../../../../arm-none-eabi/lib/armv7-m\libm.a(lib_a-w_sqrt.o)
 .debug_frame   0x00002608       0x38 c:/program files (x86)/gnu tools arm embedded/4.8 2014q2/bin/../lib/gcc/arm-none-eabi/4.8.4/../../../../arm-none-eabi/lib/armv7-m\libm.a(lib_a-e_atan2.o)
 .debug_frame   0x00002640       0x38 c:/program files (x86)/gnu tools arm embedded/4.8 2014q2/bin/../lib/gcc/arm-none-eabi/4.8.4/../../../../arm-none-eabi/lib/armv7-m\libm.a(lib_a-e_rem_pio2.o)
 .debug_frame   0x00002678       0x34 c:/program files (x86)/gnu tools arm embedded/4.8 2014q2/bin/../lib/gcc/arm-none-eabi/4.8.4/../../../../arm-none-eabi/lib/armv7-m\libm.a(lib_a-e_sqrt.o)
 .debug_frame   0x000026ac       0x38 c:/program files (x86)/gnu tools arm embedded/4.8 2014q2/bin/../lib/gcc/arm-none-eabi/4.8.4/../../../../arm-none-eabi/lib/armv7-m\libm.a(lib_a-k_cos.o)
 .debug_frame   0x000026e4       0x3c c:/program files (x86)/gnu tools arm embedded/4.8 2014q2/bin/../lib/gcc/arm-none-eabi/4.8.4/../../../../arm-none-eabi/lib/armv7-m\libm.a(lib_a-k_rem_pio2.o)
 .debug_frame   0x00002720       0x38 c:/program files (x86)/gnu tools arm embedded/4.8 2014q2/bin/../lib/gcc/arm-none-eabi/4.8.4/../../../../arm-none-eabi/lib/armv7-m\libm.a(lib_a-k_sin.o)
 .debug_frame   0x00002758       0x38 c:/program files (x86)/gnu tools arm embedded/4.8 2014q2/bin/../lib/gcc/arm-none-eabi/4.8.4/../../../../arm-none-eabi/lib/armv7-m\libm.a(lib_a-s_atan.o)
 .debug_frame   0x00002790       0x20 c:/program files (x86)/gnu tools arm embedded/4.8 2014q2/bin/../lib/gcc/arm-none-eabi/4.8.4/../../../../arm-none-eabi/lib/armv7-m\libm.a(lib_a-s_fabs.o)
 .debug_frame   0x000027b0       0x38 c:/program files (x86)/gnu tools arm embedded/4.8 2014q2/bin/../lib/gcc/arm-none-eabi/4.8.4/../../../../arm-none-eabi/lib/armv7-m\libm.a(lib_a-s_floor.o)
 .debug_frame   0x000027e8       0x28 c:/program files (x86)/gnu tools arm embedded/4.8 2014q2/bin/../lib/gcc/arm-none-eabi/4.8.4/../../../../arm-none-eabi/lib/armv7-m\libm.a(lib_a-s_fpclassify.o)
 .debug_frame   0x00002810       0x20 c:/program files (x86)/gnu tools arm embedded/4.8 2014q2/bin/../lib/gcc/arm-none-eabi/4.8.4/../../../../arm-none-eabi/lib/armv7-m\libm.a(lib_a-s_matherr.o)
 .debug_frame   0x00002830       0x30 c:/program files (x86)/gnu tools arm embedded/4.8 2014q2/bin/../lib/gcc/arm-none-eabi/4.8.4/../../../../arm-none-eabi/lib/armv7-m\libm.a(lib_a-s_scalbn.o)
 .debug_frame   0x00002860       0x28 c:/program files (x86)/gnu tools arm embedded/4.8 2014q2/bin/../lib/gcc/arm-none-eabi/4.8.4/../../../../arm-none-eabi/lib/armv7-m\libm.a(lib_a-s_copysign.o)
 .debug_frame   0x00002888       0x20 c:/program files (x86)/gnu tools arm embedded/4.8 2014q2/bin/../lib/gcc/arm-none-eabi/4.8.4/../../../../arm-none-eabi/lib/armv7-m\libc.a(lib_a-errno.o)

.debug_str      0x00000000     0x477d
 *(.debug_str)
 .debug_str     0x00000000     0x1331 APP/src/main.o
                               0x13ee (size before relaxing)
 .debug_str     0x00001331      0x5a7 APP/src/stm32f10x_it.o
                                0x848 (size before relaxing)
 .debug_str     0x000018d8      0xf69 APP/src/cm530_Nunez.o
                               0x15e4 (size before relaxing)
 .debug_str     0x00002841      0x3bb stm32f10x_lib/libstm32.a(stm32f10x_adc.o)
                                0x6c6 (size before relaxing)
 .debug_str     0x00002bfc      0x372 stm32f10x_lib/libstm32.a(stm32f10x_flash.o)
                                0x529 (size before relaxing)
 .debug_str     0x00002f6e      0x1a4 stm32f10x_lib/libstm32.a(stm32f10x_gpio.o)
                                0x49e (size before relaxing)
 .debug_str     0x00003112      0x493 stm32f10x_lib/libstm32.a(stm32f10x_nvic.o)
                                0x6f8 (size before relaxing)
 .debug_str     0x000035a5      0x104 stm32f10x_lib/libstm32.a(stm32f10x_pwr.o)
                                0x28f (size before relaxing)
 .debug_str     0x000036a9      0x30f stm32f10x_lib/libstm32.a(stm32f10x_rcc.o)
                                0x5ce (size before relaxing)
 .debug_str     0x000039b8       0xb1 stm32f10x_lib/libstm32.a(stm32f10x_systick.o)
                                0x273 (size before relaxing)
 .debug_str     0x00003a69      0x9ce stm32f10x_lib/libstm32.a(stm32f10x_tim.o)
                                0xdbf (size before relaxing)
 .debug_str     0x00004437      0x2cd stm32f10x_lib/libstm32.a(stm32f10x_usart.o)
                                0x669 (size before relaxing)
 .debug_str     0x00004704       0x79 stm32f10x_lib/libstm32.a(stm32f10x_vector.o)
                                0x1a6 (size before relaxing)

.debug_loc      0x00000000     0x984c
 *(.debug_loc)
 .debug_loc     0x00000000     0x3850 APP/src/main.o
 .debug_loc     0x00003850     0x156d APP/src/cm530_Nunez.o
 .debug_loc     0x00004dbd      0x8b0 stm32f10x_lib/libstm32.a(stm32f10x_adc.o)
 .debug_loc     0x0000566d      0x6ad stm32f10x_lib/libstm32.a(stm32f10x_flash.o)
 .debug_loc     0x00005d1a      0x53a stm32f10x_lib/libstm32.a(stm32f10x_gpio.o)
 .debug_loc     0x00006254      0x9b8 stm32f10x_lib/libstm32.a(stm32f10x_nvic.o)
 .debug_loc     0x00006c0c      0x156 stm32f10x_lib/libstm32.a(stm32f10x_pwr.o)
 .debug_loc     0x00006d62      0x696 stm32f10x_lib/libstm32.a(stm32f10x_rcc.o)
 .debug_loc     0x000073f8       0xbe stm32f10x_lib/libstm32.a(stm32f10x_systick.o)
 .debug_loc     0x000074b6     0x1a4f stm32f10x_lib/libstm32.a(stm32f10x_tim.o)
 .debug_loc     0x00008f05      0x8b0 stm32f10x_lib/libstm32.a(stm32f10x_usart.o)
 .debug_loc     0x000097b5       0x97 stm32f10x_lib/libstm32.a(stm32f10x_vector.o)

.debug_macinfo
 *(.debug_macinfo)

.debug_weaknames
 *(.debug_weaknames)

.debug_funcnames
 *(.debug_funcnames)

.debug_typenames
 *(.debug_typenames)

.debug_varnames
 *(.debug_varnames)
OUTPUT(CM530.elf elf32-littlearm)

.debug_ranges   0x00000000      0x1b8
 .debug_ranges  0x00000000       0xe8 APP/src/main.o
 .debug_ranges  0x000000e8       0xb8 APP/src/cm530_Nunez.o
 .debug_ranges  0x000001a0       0x18 stm32f10x_lib/libstm32.a(stm32f10x_tim.o)

Cross Reference Table

Symbol                                            File
ADC1_2_IRQHandler                                 APP/src/stm32f10x_it.o
                                                  stm32f10x_lib/libstm32.a(stm32f10x_vector.o)
ADC3_IRQHandler                                   APP/src/stm32f10x_it.o
                                                  stm32f10x_lib/libstm32.a(stm32f10x_vector.o)
ADC_AnalogWatchdogCmd                             stm32f10x_lib/libstm32.a(stm32f10x_adc.o)
ADC_AnalogWatchdogSingleChannelConfig             stm32f10x_lib/libstm32.a(stm32f10x_adc.o)
ADC_AnalogWatchdogThresholdsConfig                stm32f10x_lib/libstm32.a(stm32f10x_adc.o)
ADC_AutoInjectedConvCmd                           stm32f10x_lib/libstm32.a(stm32f10x_adc.o)
ADC_ClearFlag                                     stm32f10x_lib/libstm32.a(stm32f10x_adc.o)
ADC_ClearITPendingBit                             stm32f10x_lib/libstm32.a(stm32f10x_adc.o)
ADC_Cmd                                           stm32f10x_lib/libstm32.a(stm32f10x_adc.o)
                                                  APP/src/cm530_Nunez.o
ADC_Configuration                                 APP/src/cm530_Nunez.o
ADC_DMACmd                                        stm32f10x_lib/libstm32.a(stm32f10x_adc.o)
ADC_DeInit                                        stm32f10x_lib/libstm32.a(stm32f10x_adc.o)
ADC_DiscModeChannelCountConfig                    stm32f10x_lib/libstm32.a(stm32f10x_adc.o)
ADC_DiscModeCmd                                   stm32f10x_lib/libstm32.a(stm32f10x_adc.o)
ADC_ExternalTrigConvCmd                           stm32f10x_lib/libstm32.a(stm32f10x_adc.o)
ADC_ExternalTrigInjectedConvCmd                   stm32f10x_lib/libstm32.a(stm32f10x_adc.o)
ADC_ExternalTrigInjectedConvConfig                stm32f10x_lib/libstm32.a(stm32f10x_adc.o)
ADC_GetCalibrationStatus                          stm32f10x_lib/libstm32.a(stm32f10x_adc.o)
                                                  APP/src/cm530_Nunez.o
ADC_GetConversionValue                            stm32f10x_lib/libstm32.a(stm32f10x_adc.o)
                                                  APP/src/cm530_Nunez.o
ADC_GetDualModeConversionValue                    stm32f10x_lib/libstm32.a(stm32f10x_adc.o)
ADC_GetFlagStatus                                 stm32f10x_lib/libstm32.a(stm32f10x_adc.o)
ADC_GetITStatus                                   stm32f10x_lib/libstm32.a(stm32f10x_adc.o)
ADC_GetInjectedConversionValue                    stm32f10x_lib/libstm32.a(stm32f10x_adc.o)
ADC_GetResetCalibrationStatus                     stm32f10x_lib/libstm32.a(stm32f10x_adc.o)
                                                  APP/src/cm530_Nunez.o
ADC_GetSoftwareStartConvStatus                    stm32f10x_lib/libstm32.a(stm32f10x_adc.o)
ADC_GetSoftwareStartInjectedConvCmdStatus         stm32f10x_lib/libstm32.a(stm32f10x_adc.o)
ADC_ITConfig                                      stm32f10x_lib/libstm32.a(stm32f10x_adc.o)
ADC_Init                                          stm32f10x_lib/libstm32.a(stm32f10x_adc.o)
                                                  APP/src/cm530_Nunez.o
ADC_InjectedChannelConfig                         stm32f10x_lib/libstm32.a(stm32f10x_adc.o)
ADC_InjectedDiscModeCmd                           stm32f10x_lib/libstm32.a(stm32f10x_adc.o)
ADC_InjectedSequencerLengthConfig                 stm32f10x_lib/libstm32.a(stm32f10x_adc.o)
ADC_RegularChannelConfig                          stm32f10x_lib/libstm32.a(stm32f10x_adc.o)
                                                  APP/src/cm530_Nunez.o
ADC_ResetCalibration                              stm32f10x_lib/libstm32.a(stm32f10x_adc.o)
                                                  APP/src/cm530_Nunez.o
ADC_SetInjectedOffset                             stm32f10x_lib/libstm32.a(stm32f10x_adc.o)
ADC_SoftwareStartConvCmd                          stm32f10x_lib/libstm32.a(stm32f10x_adc.o)
                                                  APP/src/cm530_Nunez.o
ADC_SoftwareStartInjectedConvCmd                  stm32f10x_lib/libstm32.a(stm32f10x_adc.o)
ADC_StartCalibration                              stm32f10x_lib/libstm32.a(stm32f10x_adc.o)
                                                  APP/src/cm530_Nunez.o
ADC_StructInit                                    stm32f10x_lib/libstm32.a(stm32f10x_adc.o)
                                                  APP/src/cm530_Nunez.o
ADC_TempSensorVrefintCmd                          stm32f10x_lib/libstm32.a(stm32f10x_adc.o)
Battery_Monitor_Alarm                             APP/src/cm530_Nunez.o
Baudrate_DXL                                      APP/src/cm530_Nunez.o
Baudrate_PCU                                      APP/src/cm530_Nunez.o
Baudrate_ZIG                                      APP/src/cm530_Nunez.o
BusFaultException                                 APP/src/stm32f10x_it.o
                                                  stm32f10x_lib/libstm32.a(stm32f10x_vector.o)
Buzzed                                            APP/src/cm530_Nunez.o
CAN_RX1_IRQHandler                                APP/src/stm32f10x_it.o
                                                  stm32f10x_lib/libstm32.a(stm32f10x_vector.o)
CAN_SCE_IRQHandler                                APP/src/stm32f10x_it.o
                                                  stm32f10x_lib/libstm32.a(stm32f10x_vector.o)
Cicloidal_1                                       APP/src/main.o
Cicloidal_2                                       APP/src/main.o
Cicloidal_3                                       APP/src/main.o
Cicloidal_4                                       APP/src/main.o
Cicloidal_5                                       APP/src/main.o
DMA1_Channel1_IRQHandler                          APP/src/stm32f10x_it.o
DMA1_Channel2_IRQHandler                          APP/src/stm32f10x_it.o
DMA1_Channel3_IRQHandler                          APP/src/stm32f10x_it.o
DMA1_Channel4_IRQHandler                          APP/src/stm32f10x_it.o
DMA1_Channel5_IRQHandler                          APP/src/stm32f10x_it.o
DMA1_Channel6_IRQHandler                          APP/src/stm32f10x_it.o
DMA1_Channel7_IRQHandler                          APP/src/stm32f10x_it.o
DMA2_Channel1_IRQHandler                          APP/src/stm32f10x_it.o
                                                  stm32f10x_lib/libstm32.a(stm32f10x_vector.o)
DMA2_Channel2_IRQHandler                          APP/src/stm32f10x_it.o
                                                  stm32f10x_lib/libstm32.a(stm32f10x_vector.o)
DMA2_Channel3_IRQHandler                          APP/src/stm32f10x_it.o
                                                  stm32f10x_lib/libstm32.a(stm32f10x_vector.o)
DMA2_Channel4_5_IRQHandler                        APP/src/stm32f10x_it.o
                                                  stm32f10x_lib/libstm32.a(stm32f10x_vector.o)
DebugMonitor                                      APP/src/stm32f10x_it.o
                                                  stm32f10x_lib/libstm32.a(stm32f10x_vector.o)
Deg2Rad                                           APP/src/main.o
EXTI0_IRQHandler                                  APP/src/stm32f10x_it.o
                                                  stm32f10x_lib/libstm32.a(stm32f10x_vector.o)
EXTI15_10_IRQHandler                              APP/src/stm32f10x_it.o
                                                  stm32f10x_lib/libstm32.a(stm32f10x_vector.o)
EXTI1_IRQHandler                                  APP/src/stm32f10x_it.o
                                                  stm32f10x_lib/libstm32.a(stm32f10x_vector.o)
EXTI2_IRQHandler                                  APP/src/stm32f10x_it.o
                                                  stm32f10x_lib/libstm32.a(stm32f10x_vector.o)
EXTI3_IRQHandler                                  APP/src/stm32f10x_it.o
                                                  stm32f10x_lib/libstm32.a(stm32f10x_vector.o)
EXTI4_IRQHandler                                  APP/src/stm32f10x_it.o
                                                  stm32f10x_lib/libstm32.a(stm32f10x_vector.o)
EXTI9_5_IRQHandler                                APP/src/stm32f10x_it.o
                                                  stm32f10x_lib/libstm32.a(stm32f10x_vector.o)
EasyButton                                        APP/src/cm530_Nunez.o
EasyEPort                                         APP/src/cm530_Nunez.o
EasyLED                                           APP/src/cm530_Nunez.o
EnableZigbee                                      APP/src/cm530_Nunez.o
EntraOpcion                                       APP/src/main.o
EulXZY_2_Rot                                      APP/src/main.o
FLASH_ClearFlag                                   stm32f10x_lib/libstm32.a(stm32f10x_flash.o)
FLASH_EnableWriteProtection                       stm32f10x_lib/libstm32.a(stm32f10x_flash.o)
FLASH_EraseAllPages                               stm32f10x_lib/libstm32.a(stm32f10x_flash.o)
FLASH_EraseOptionBytes                            stm32f10x_lib/libstm32.a(stm32f10x_flash.o)
FLASH_ErasePage                                   stm32f10x_lib/libstm32.a(stm32f10x_flash.o)
FLASH_GetFlagStatus                               stm32f10x_lib/libstm32.a(stm32f10x_flash.o)
FLASH_GetPrefetchBufferStatus                     stm32f10x_lib/libstm32.a(stm32f10x_flash.o)
FLASH_GetReadOutProtectionStatus                  stm32f10x_lib/libstm32.a(stm32f10x_flash.o)
FLASH_GetStatus                                   stm32f10x_lib/libstm32.a(stm32f10x_flash.o)
FLASH_GetUserOptionByte                           stm32f10x_lib/libstm32.a(stm32f10x_flash.o)
FLASH_GetWriteProtectionOptionByte                stm32f10x_lib/libstm32.a(stm32f10x_flash.o)
FLASH_HalfCycleAccessCmd                          stm32f10x_lib/libstm32.a(stm32f10x_flash.o)
FLASH_IRQHandler                                  APP/src/stm32f10x_it.o
                                                  stm32f10x_lib/libstm32.a(stm32f10x_vector.o)
FLASH_ITConfig                                    stm32f10x_lib/libstm32.a(stm32f10x_flash.o)
FLASH_Lock                                        stm32f10x_lib/libstm32.a(stm32f10x_flash.o)
FLASH_PrefetchBufferCmd                           stm32f10x_lib/libstm32.a(stm32f10x_flash.o)
                                                  APP/src/cm530_Nunez.o
FLASH_ProgramHalfWord                             stm32f10x_lib/libstm32.a(stm32f10x_flash.o)
FLASH_ProgramOptionByteData                       stm32f10x_lib/libstm32.a(stm32f10x_flash.o)
FLASH_ProgramWord                                 stm32f10x_lib/libstm32.a(stm32f10x_flash.o)
FLASH_ReadOutProtection                           stm32f10x_lib/libstm32.a(stm32f10x_flash.o)
FLASH_SetLatency                                  stm32f10x_lib/libstm32.a(stm32f10x_flash.o)
                                                  APP/src/cm530_Nunez.o
FLASH_Unlock                                      stm32f10x_lib/libstm32.a(stm32f10x_flash.o)
FLASH_UserOptionByteConfig                        stm32f10x_lib/libstm32.a(stm32f10x_flash.o)
FLASH_WaitForLastOperation                        stm32f10x_lib/libstm32.a(stm32f10x_flash.o)
FSMC_IRQHandler                                   APP/src/stm32f10x_it.o
                                                  stm32f10x_lib/libstm32.a(stm32f10x_vector.o)
Flag                                              APP/src/main.o
GPIO_AFIODeInit                                   stm32f10x_lib/libstm32.a(stm32f10x_gpio.o)
GPIO_Configuration                                APP/src/cm530_Nunez.o
GPIO_DeInit                                       stm32f10x_lib/libstm32.a(stm32f10x_gpio.o)
GPIO_EXTILineConfig                               stm32f10x_lib/libstm32.a(stm32f10x_gpio.o)
GPIO_EventOutputCmd                               stm32f10x_lib/libstm32.a(stm32f10x_gpio.o)
GPIO_EventOutputConfig                            stm32f10x_lib/libstm32.a(stm32f10x_gpio.o)
GPIO_Init                                         stm32f10x_lib/libstm32.a(stm32f10x_gpio.o)
                                                  APP/src/cm530_Nunez.o
GPIO_PinLockConfig                                stm32f10x_lib/libstm32.a(stm32f10x_gpio.o)
GPIO_PinRemapConfig                               stm32f10x_lib/libstm32.a(stm32f10x_gpio.o)
                                                  APP/src/cm530_Nunez.o
GPIO_ReadInputData                                stm32f10x_lib/libstm32.a(stm32f10x_gpio.o)
GPIO_ReadInputDataBit                             stm32f10x_lib/libstm32.a(stm32f10x_gpio.o)
                                                  APP/src/cm530_Nunez.o
GPIO_ReadOutputData                               stm32f10x_lib/libstm32.a(stm32f10x_gpio.o)
GPIO_ReadOutputDataBit                            stm32f10x_lib/libstm32.a(stm32f10x_gpio.o)
GPIO_ResetBits                                    stm32f10x_lib/libstm32.a(stm32f10x_gpio.o)
                                                  APP/src/cm530_Nunez.o
GPIO_SetBits                                      stm32f10x_lib/libstm32.a(stm32f10x_gpio.o)
                                                  APP/src/cm530_Nunez.o
GPIO_StructInit                                   stm32f10x_lib/libstm32.a(stm32f10x_gpio.o)
                                                  APP/src/cm530_Nunez.o
GPIO_Write                                        stm32f10x_lib/libstm32.a(stm32f10x_gpio.o)
GPIO_WriteBit                                     stm32f10x_lib/libstm32.a(stm32f10x_gpio.o)
GetChar                                           APP/src/cm530_Nunez.o
GetString                                         APP/src/cm530_Nunez.o
HardFaultException                                APP/src/stm32f10x_it.o
                                                  stm32f10x_lib/libstm32.a(stm32f10x_vector.o)
I2C1_ER_IRQHandler                                APP/src/stm32f10x_it.o
                                                  stm32f10x_lib/libstm32.a(stm32f10x_vector.o)
I2C1_EV_IRQHandler                                APP/src/stm32f10x_it.o
                                                  stm32f10x_lib/libstm32.a(stm32f10x_vector.o)
I2C2_ER_IRQHandler                                APP/src/stm32f10x_it.o